DGLGraph(num_nodes=18027, num_edges=31958,
         ndata_schemes={'pos': Scheme(shape=(), dtype=torch.int64), 'x': Scheme(shape=(250,), dtype=torch.float32), '_id': Scheme(shape=(), dtype=torch.int64)}
         edata_schemes={})
tensor([[-0.0158, -0.0333, -0.0375,  ..., -0.0036,  0.1009, -0.0732],
        [-0.0158, -0.0333, -0.0375,  ..., -0.0036,  0.1009, -0.0732],
        [-0.0158, -0.0333, -0.0375,  ..., -0.0036,  0.1009, -0.0732],
        ...,
        [-0.0523, -0.1161,  0.0167,  ...,  0.1072,  0.1542, -0.0781],
        [-0.0523, -0.1161,  0.0167,  ...,  0.1072,  0.1542, -0.0781],
        [-0.0523, -0.1161,  0.0167,  ...,  0.1072,  0.1542, -0.0781]],
       device='cuda:0')
DGLGraph(num_nodes=18254, num_edges=32412,
         ndata_schemes={'pos': Scheme(shape=(), dtype=torch.int64), 'x': Scheme(shape=(250,), dtype=torch.float32), '_id': Scheme(shape=(), dtype=torch.int64)}
         edata_schemes={})
tensor([[-0.0080, -0.0549,  0.0195,  ...,  0.1010,  0.0655, -0.1109],
        [-0.0080, -0.0549,  0.0195,  ...,  0.1010,  0.0655, -0.1109],
        [-0.0080, -0.0549,  0.0195,  ...,  0.1010,  0.0655, -0.1109],
        ...,
        [ 0.0097, -0.1278, -0.0329,  ...,  0.0615,  0.1418, -0.0515],
        [ 0.0097, -0.1278, -0.0329,  ...,  0.0615,  0.1418, -0.0515],
        [ 0.0097, -0.1278, -0.0329,  ...,  0.0615,  0.1418, -0.0515]],
       device='cuda:0')
DGLGraph(num_nodes=18575, num_edges=33054,
         ndata_schemes={'pos': Scheme(shape=(), dtype=torch.int64), 'x': Scheme(shape=(250,), dtype=torch.float32), '_id': Scheme(shape=(), dtype=torch.int64)}
         edata_schemes={})
tensor([[-0.0017, -0.0927, -0.0164,  ...,  0.0243,  0.1571, -0.0865],
        [-0.0017, -0.0927, -0.0164,  ...,  0.0243,  0.1571, -0.0865],
        [-0.0017, -0.0927, -0.0164,  ...,  0.0243,  0.1571, -0.0865],
        ...,
        [ 0.0499, -0.0651, -0.0206,  ...,  0.0249,  0.0836, -0.0136],
        [ 0.0499, -0.0651, -0.0206,  ...,  0.0249,  0.0836, -0.0136],
        [ 0.0499, -0.0651, -0.0206,  ...,  0.0249,  0.0836, -0.0136]],
       device='cuda:0')
DGLGraph(num_nodes=17597, num_edges=31098,
         ndata_schemes={'pos': Scheme(shape=(), dtype=torch.int64), 'x': Scheme(shape=(250,), dtype=torch.float32), '_id': Scheme(shape=(), dtype=torch.int64)}
         edata_schemes={})
tensor([[ 0.0075, -0.0730, -0.0668,  ...,  0.0620,  0.0214, -0.0444],
        [ 0.0075, -0.0730, -0.0668,  ...,  0.0620,  0.0214, -0.0444],
        [ 0.0075, -0.0730, -0.0668,  ...,  0.0620,  0.0214, -0.0444],
        ...,
        [ 0.0643, -0.1024, -0.0736,  ...,  0.0570,  0.0963, -0.0256],
        [ 0.0643, -0.1024, -0.0736,  ...,  0.0570,  0.0963, -0.0256],
        [ 0.0643, -0.1024, -0.0736,  ...,  0.0570,  0.0963, -0.0256]],
       device='cuda:0')
DGLGraph(num_nodes=18170, num_edges=32244,
         ndata_schemes={'pos': Scheme(shape=(), dtype=torch.int64), 'x': Scheme(shape=(250,), dtype=torch.float32), '_id': Scheme(shape=(), dtype=torch.int64)}
         edata_schemes={})
tensor([[-0.0548, -0.0933,  0.0157,  ...,  0.0934,  0.0814, -0.0097],
        [-0.0548, -0.0933,  0.0157,  ...,  0.0934,  0.0814, -0.0097],
        [-0.0548, -0.0933,  0.0157,  ...,  0.0934,  0.0814, -0.0097],
        ...,
        [ 0.0025, -0.0060, -0.0814,  ...,  0.0665,  0.0273, -0.0065],
        [ 0.0025, -0.0060, -0.0814,  ...,  0.0665,  0.0273, -0.0065],
        [ 0.0025, -0.0060, -0.0814,  ...,  0.0665,  0.0273, -0.0065]],
       device='cuda:0')
DGLGraph(num_nodes=18281, num_edges=32466,
         ndata_schemes={'pos': Scheme(shape=(), dtype=torch.int64), 'x': Scheme(shape=(250,), dtype=torch.float32), '_id': Scheme(shape=(), dtype=torch.int64)}
         edata_schemes={})
tensor([[ 0.0835, -0.1177,  0.0002,  ...,  0.0430,  0.1442,  0.0276],
        [ 0.0835, -0.1177,  0.0002,  ...,  0.0430,  0.1442,  0.0276],
        [ 0.0835, -0.1177,  0.0002,  ...,  0.0430,  0.1442,  0.0276],
        ...,
        [ 0.0248, -0.0106, -0.0604,  ...,  0.0140,  0.0187,  0.1081],
        [ 0.0248, -0.0106, -0.0604,  ...,  0.0140,  0.0187,  0.1081],
        [ 0.0248, -0.0106, -0.0604,  ...,  0.0140,  0.0187,  0.1081]],
       device='cuda:0')
DGLGraph(num_nodes=18592, num_edges=33088,
         ndata_schemes={'pos': Scheme(shape=(), dtype=torch.int64), 'x': Scheme(shape=(250,), dtype=torch.float32), '_id': Scheme(shape=(), dtype=torch.int64)}
         edata_schemes={})
tensor([[-0.0312, -0.1046, -0.0320,  ...,  0.0576,  0.0624, -0.0012],
        [-0.0312, -0.1046, -0.0320,  ...,  0.0576,  0.0624, -0.0012],
        [-0.0312, -0.1046, -0.0320,  ...,  0.0576,  0.0624, -0.0012],
        ...,
        [ 0.0423, -0.0532, -0.0025,  ...,  0.0742,  0.0875, -0.0990],
        [ 0.0423, -0.0532, -0.0025,  ...,  0.0742,  0.0875, -0.0990],
        [ 0.0423, -0.0532, -0.0025,  ...,  0.0742,  0.0875, -0.0990]],
       device='cuda:0')
DGLGraph(num_nodes=18384, num_edges=32672,
         ndata_schemes={'pos': Scheme(shape=(), dtype=torch.int64), 'x': Scheme(shape=(250,), dtype=torch.float32), '_id': Scheme(shape=(), dtype=torch.int64)}
         edata_schemes={})
tensor([[-0.0772, -0.0644,  0.0071,  ...,  0.0871,  0.0748, -0.0496],
        [-0.0772, -0.0644,  0.0071,  ...,  0.0871,  0.0748, -0.0496],
        [-0.0772, -0.0644,  0.0071,  ...,  0.0871,  0.0748, -0.0496],
        ...,
        [-0.0528, -0.0516,  0.0582,  ..., -0.0252,  0.0635, -0.0791],
        [-0.0528, -0.0516,  0.0582,  ..., -0.0252,  0.0635, -0.0791],
        [-0.0528, -0.0516,  0.0582,  ..., -0.0252,  0.0635, -0.0791]],
       device='cuda:0')
DGLGraph(num_nodes=18337, num_edges=32578,
         ndata_schemes={'pos': Scheme(shape=(), dtype=torch.int64), 'x': Scheme(shape=(250,), dtype=torch.float32), '_id': Scheme(shape=(), dtype=torch.int64)}
         edata_schemes={})
tensor([[ 0.0791, -0.1171,  0.0086,  ...,  0.0298,  0.1041,  0.0418],
        [ 0.0791, -0.1171,  0.0086,  ...,  0.0298,  0.1041,  0.0418],
        [ 0.0791, -0.1171,  0.0086,  ...,  0.0298,  0.1041,  0.0418],
        ...,
        [ 0.0113, -0.1205, -0.0354,  ...,  0.0660,  0.1025, -0.0399],
        [ 0.0113, -0.1205, -0.0354,  ...,  0.0660,  0.1025, -0.0399],
        [ 0.0113, -0.1205, -0.0354,  ...,  0.0660,  0.1025, -0.0399]],
       device='cuda:0')
DGLGraph(num_nodes=17657, num_edges=31218,
         ndata_schemes={'pos': Scheme(shape=(), dtype=torch.int64), 'x': Scheme(shape=(250,), dtype=torch.float32), '_id': Scheme(shape=(), dtype=torch.int64)}
         edata_schemes={})
tensor([[-0.0913, -0.1472, -0.0217,  ...,  0.0638,  0.0643, -0.0088],
        [-0.0913, -0.1472, -0.0217,  ...,  0.0638,  0.0643, -0.0088],
        [-0.0913, -0.1472, -0.0217,  ...,  0.0638,  0.0643, -0.0088],
        ...,
        [ 0.0665, -0.1180,  0.0014,  ..., -0.0039,  0.1169, -0.0170],
        [ 0.0665, -0.1180,  0.0014,  ..., -0.0039,  0.1169, -0.0170],
        [ 0.0665, -0.1180,  0.0014,  ..., -0.0039,  0.1169, -0.0170]],
       device='cuda:0')
DGLGraph(num_nodes=17779, num_edges=31462,
         ndata_schemes={'pos': Scheme(shape=(), dtype=torch.int64), 'x': Scheme(shape=(250,), dtype=torch.float32), '_id': Scheme(shape=(), dtype=torch.int64)}
         edata_schemes={})
tensor([[ 0.0355, -0.1505, -0.0044,  ...,  0.0229,  0.1243, -0.0796],
        [ 0.0355, -0.1505, -0.0044,  ...,  0.0229,  0.1243, -0.0796],
        [ 0.0355, -0.1505, -0.0044,  ...,  0.0229,  0.1243, -0.0796],
        ...,
        [ 0.0374, -0.0494,  0.0215,  ..., -0.0746,  0.1262, -0.0464],
        [ 0.0374, -0.0494,  0.0215,  ..., -0.0746,  0.1262, -0.0464],
        [ 0.0374, -0.0494,  0.0215,  ..., -0.0746,  0.1262, -0.0464]],
       device='cuda:0')
DGLGraph(num_nodes=18231, num_edges=32366,
         ndata_schemes={'pos': Scheme(shape=(), dtype=torch.int64), 'x': Scheme(shape=(250,), dtype=torch.float32), '_id': Scheme(shape=(), dtype=torch.int64)}
         edata_schemes={})
tensor([[ 0.0916, -0.0965, -0.0338,  ..., -0.0162,  0.0870, -0.0238],
        [ 0.0916, -0.0965, -0.0338,  ..., -0.0162,  0.0870, -0.0238],
        [ 0.0916, -0.0965, -0.0338,  ..., -0.0162,  0.0870, -0.0238],
        ...,
        [ 0.0383, -0.1226, -0.0457,  ...,  0.0487,  0.0953,  0.0059],
        [ 0.0383, -0.1226, -0.0457,  ...,  0.0487,  0.0953,  0.0059],
        [ 0.0383, -0.1226, -0.0457,  ...,  0.0487,  0.0953,  0.0059]],
       device='cuda:0')
DGLGraph(num_nodes=17731, num_edges=31366,
         ndata_schemes={'pos': Scheme(shape=(), dtype=torch.int64), 'x': Scheme(shape=(250,), dtype=torch.float32), '_id': Scheme(shape=(), dtype=torch.int64)}
         edata_schemes={})
tensor([[ 0.0644, -0.1291, -0.0555,  ...,  0.0324,  0.0734, -0.0558],
        [ 0.0644, -0.1291, -0.0555,  ...,  0.0324,  0.0734, -0.0558],
        [ 0.0644, -0.1291, -0.0555,  ...,  0.0324,  0.0734, -0.0558],
        ...,
        [ 0.0054, -0.1441, -0.0237,  ...,  0.0918,  0.0711, -0.0267],
        [ 0.0054, -0.1441, -0.0237,  ...,  0.0918,  0.0711, -0.0267],
        [ 0.0054, -0.1441, -0.0237,  ...,  0.0918,  0.0711, -0.0267]],
       device='cuda:0')
DGLGraph(num_nodes=17631, num_edges=31166,
         ndata_schemes={'pos': Scheme(shape=(), dtype=torch.int64), 'x': Scheme(shape=(250,), dtype=torch.float32), '_id': Scheme(shape=(), dtype=torch.int64)}
         edata_schemes={})
tensor([[-0.1361,  0.0161,  0.0751,  ...,  0.0641, -0.0449,  0.0108],
        [-0.1361,  0.0161,  0.0751,  ...,  0.0641, -0.0449,  0.0108],
        [-0.1361,  0.0161,  0.0751,  ...,  0.0641, -0.0449,  0.0108],
        ...,
        [ 0.0218, -0.0453, -0.0248,  ...,  0.0716,  0.1057, -0.0368],
        [ 0.0218, -0.0453, -0.0248,  ...,  0.0716,  0.1057, -0.0368],
        [ 0.0218, -0.0453, -0.0248,  ...,  0.0716,  0.1057, -0.0368]],
       device='cuda:0')
DGLGraph(num_nodes=18124, num_edges=32152,
         ndata_schemes={'pos': Scheme(shape=(), dtype=torch.int64), 'x': Scheme(shape=(250,), dtype=torch.float32), '_id': Scheme(shape=(), dtype=torch.int64)}
         edata_schemes={})
tensor([[-0.0793, -0.1038,  0.0234,  ...,  0.1132,  0.1322, -0.0936],
        [-0.0793, -0.1038,  0.0234,  ...,  0.1132,  0.1322, -0.0936],
        [-0.0793, -0.1038,  0.0234,  ...,  0.1132,  0.1322, -0.0936],
        ...,
        [ 0.0063, -0.1168, -0.0415,  ...,  0.0379,  0.1076, -0.0350],
        [ 0.0063, -0.1168, -0.0415,  ...,  0.0379,  0.1076, -0.0350],
        [ 0.0063, -0.1168, -0.0415,  ...,  0.0379,  0.1076, -0.0350]],
       device='cuda:0')
DGLGraph(num_nodes=18323, num_edges=32550,
         ndata_schemes={'pos': Scheme(shape=(), dtype=torch.int64), 'x': Scheme(shape=(250,), dtype=torch.float32), '_id': Scheme(shape=(), dtype=torch.int64)}
         edata_schemes={})
tensor([[-0.0778, -0.0812, -0.0519,  ...,  0.0783,  0.0586, -0.0805],
        [-0.0778, -0.0812, -0.0519,  ...,  0.0783,  0.0586, -0.0805],
        [-0.0778, -0.0812, -0.0519,  ...,  0.0783,  0.0586, -0.0805],
        ...,
        [-0.0628, -0.0201,  0.0500,  ..., -0.0493, -0.0209, -0.0512],
        [-0.0628, -0.0201,  0.0500,  ..., -0.0493, -0.0209, -0.0512],
        [-0.0628, -0.0201,  0.0500,  ..., -0.0493, -0.0209, -0.0512]],
       device='cuda:0')
DGLGraph(num_nodes=17700, num_edges=31304,
         ndata_schemes={'pos': Scheme(shape=(), dtype=torch.int64), 'x': Scheme(shape=(250,), dtype=torch.float32), '_id': Scheme(shape=(), dtype=torch.int64)}
         edata_schemes={})
tensor([[ 0.0157, -0.0060, -0.0291,  ...,  0.0185,  0.0383, -0.0544],
        [ 0.0157, -0.0060, -0.0291,  ...,  0.0185,  0.0383, -0.0544],
        [ 0.0157, -0.0060, -0.0291,  ...,  0.0185,  0.0383, -0.0544],
        ...,
        [ 0.0140, -0.0928, -0.0589,  ...,  0.0509,  0.0573, -0.0375],
        [ 0.0140, -0.0928, -0.0589,  ...,  0.0509,  0.0573, -0.0375],
        [ 0.0140, -0.0928, -0.0589,  ...,  0.0509,  0.0573, -0.0375]],
       device='cuda:0')
DGLGraph(num_nodes=17691, num_edges=31286,
         ndata_schemes={'pos': Scheme(shape=(), dtype=torch.int64), 'x': Scheme(shape=(250,), dtype=torch.float32), '_id': Scheme(shape=(), dtype=torch.int64)}
         edata_schemes={})
tensor([[-0.0494, -0.0194, -0.0641,  ...,  0.0717, -0.0439, -0.0208],
        [-0.0494, -0.0194, -0.0641,  ...,  0.0717, -0.0439, -0.0208],
        [-0.0494, -0.0194, -0.0641,  ...,  0.0717, -0.0439, -0.0208],
        ...,
        [ 0.0373, -0.0345, -0.0558,  ...,  0.0308,  0.0531, -0.0135],
        [ 0.0373, -0.0345, -0.0558,  ...,  0.0308,  0.0531, -0.0135],
        [ 0.0373, -0.0345, -0.0558,  ...,  0.0308,  0.0531, -0.0135]],
       device='cuda:0')
DGLGraph(num_nodes=17906, num_edges=31716,
         ndata_schemes={'pos': Scheme(shape=(), dtype=torch.int64), 'x': Scheme(shape=(250,), dtype=torch.float32), '_id': Scheme(shape=(), dtype=torch.int64)}
         edata_schemes={})
tensor([[ 0.0110, -0.0060, -0.0568,  ...,  0.0751,  0.0860, -0.0510],
        [ 0.0110, -0.0060, -0.0568,  ...,  0.0751,  0.0860, -0.0510],
        [ 0.0110, -0.0060, -0.0568,  ...,  0.0751,  0.0860, -0.0510],
        ...,
        [-0.0707, -0.0840, -0.0377,  ...,  0.0454,  0.1190, -0.0470],
        [-0.0707, -0.0840, -0.0377,  ...,  0.0454,  0.1190, -0.0470],
        [-0.0707, -0.0840, -0.0377,  ...,  0.0454,  0.1190, -0.0470]],
       device='cuda:0')
DGLGraph(num_nodes=17398, num_edges=30700,
         ndata_schemes={'pos': Scheme(shape=(), dtype=torch.int64), 'x': Scheme(shape=(250,), dtype=torch.float32), '_id': Scheme(shape=(), dtype=torch.int64)}
         edata_schemes={})
tensor([[ 0.0213, -0.0415, -0.0118,  ...,  0.0653,  0.0627, -0.0746],
        [ 0.0213, -0.0415, -0.0118,  ...,  0.0653,  0.0627, -0.0746],
        [ 0.0213, -0.0415, -0.0118,  ...,  0.0653,  0.0627, -0.0746],
        ...,
        [-0.0168, -0.0037, -0.0755,  ...,  0.0895,  0.0510,  0.0009],
        [-0.0168, -0.0037, -0.0755,  ...,  0.0895,  0.0510,  0.0009],
        [-0.0168, -0.0037, -0.0755,  ...,  0.0895,  0.0510,  0.0009]],
       device='cuda:0')
DGLGraph(num_nodes=17977, num_edges=31858,
         ndata_schemes={'pos': Scheme(shape=(), dtype=torch.int64), 'x': Scheme(shape=(250,), dtype=torch.float32), '_id': Scheme(shape=(), dtype=torch.int64)}
         edata_schemes={})
tensor([[-0.0944, -0.0152,  0.0416,  ..., -0.0551, -0.0111, -0.1205],
        [-0.0944, -0.0152,  0.0416,  ..., -0.0551, -0.0111, -0.1205],
        [-0.0944, -0.0152,  0.0416,  ..., -0.0551, -0.0111, -0.1205],
        ...,
        [-0.0080, -0.0767, -0.0135,  ...,  0.0593,  0.1304,  0.0225],
        [-0.0080, -0.0767, -0.0135,  ...,  0.0593,  0.1304,  0.0225],
        [-0.0080, -0.0767, -0.0135,  ...,  0.0593,  0.1304,  0.0225]],
       device='cuda:0')
DGLGraph(num_nodes=18013, num_edges=31930,
         ndata_schemes={'pos': Scheme(shape=(), dtype=torch.int64), 'x': Scheme(shape=(250,), dtype=torch.float32), '_id': Scheme(shape=(), dtype=torch.int64)}
         edata_schemes={})
tensor([[-0.0029, -0.1058, -0.0760,  ...,  0.0194,  0.1710,  0.0095],
        [-0.0029, -0.1058, -0.0760,  ...,  0.0194,  0.1710,  0.0095],
        [-0.0029, -0.1058, -0.0760,  ...,  0.0194,  0.1710,  0.0095],
        ...,
        [ 0.0616, -0.1013, -0.0460,  ...,  0.0358,  0.0835, -0.0572],
        [ 0.0616, -0.1013, -0.0460,  ...,  0.0358,  0.0835, -0.0572],
        [ 0.0616, -0.1013, -0.0460,  ...,  0.0358,  0.0835, -0.0572]],
       device='cuda:0')
DGLGraph(num_nodes=18077, num_edges=32058,
         ndata_schemes={'pos': Scheme(shape=(), dtype=torch.int64), 'x': Scheme(shape=(250,), dtype=torch.float32), '_id': Scheme(shape=(), dtype=torch.int64)}
         edata_schemes={})
tensor([[-0.0150,  0.0090, -0.0047,  ...,  0.0431, -0.0016,  0.0174],
        [-0.0150,  0.0090, -0.0047,  ...,  0.0431, -0.0016,  0.0174],
        [-0.0150,  0.0090, -0.0047,  ...,  0.0431, -0.0016,  0.0174],
        ...,
        [ 0.0275, -0.1025, -0.0856,  ...,  0.0069,  0.1011,  0.0194],
        [ 0.0275, -0.1025, -0.0856,  ...,  0.0069,  0.1011,  0.0194],
        [ 0.0275, -0.1025, -0.0856,  ...,  0.0069,  0.1011,  0.0194]],
       device='cuda:0')
DGLGraph(num_nodes=18515, num_edges=32934,
         ndata_schemes={'pos': Scheme(shape=(), dtype=torch.int64), 'x': Scheme(shape=(250,), dtype=torch.float32), '_id': Scheme(shape=(), dtype=torch.int64)}
         edata_schemes={})
tensor([[-0.0846,  0.0612, -0.0360,  ..., -0.0652, -0.0751,  0.0217],
        [-0.0846,  0.0612, -0.0360,  ..., -0.0652, -0.0751,  0.0217],
        [-0.0846,  0.0612, -0.0360,  ..., -0.0652, -0.0751,  0.0217],
        ...,
        [ 0.0841, -0.1002, -0.0781,  ...,  0.0564,  0.0114, -0.1035],
        [ 0.0841, -0.1002, -0.0781,  ...,  0.0564,  0.0114, -0.1035],
        [ 0.0841, -0.1002, -0.0781,  ...,  0.0564,  0.0114, -0.1035]],
       device='cuda:0')
DGLGraph(num_nodes=18337, num_edges=32578,
         ndata_schemes={'pos': Scheme(shape=(), dtype=torch.int64), 'x': Scheme(shape=(250,), dtype=torch.float32), '_id': Scheme(shape=(), dtype=torch.int64)}
         edata_schemes={})
tensor([[ 0.0578, -0.1210, -0.0064,  ...,  0.0013,  0.0725, -0.0246],
        [ 0.0578, -0.1210, -0.0064,  ...,  0.0013,  0.0725, -0.0246],
        [ 0.0578, -0.1210, -0.0064,  ...,  0.0013,  0.0725, -0.0246],
        ...,
        [ 0.0745, -0.1358, -0.0493,  ...,  0.0512,  0.1542,  0.0529],
        [ 0.0745, -0.1358, -0.0493,  ...,  0.0512,  0.1542,  0.0529],
        [ 0.0745, -0.1358, -0.0493,  ...,  0.0512,  0.1542,  0.0529]],
       device='cuda:0')
DGLGraph(num_nodes=17576, num_edges=31056,
         ndata_schemes={'pos': Scheme(shape=(), dtype=torch.int64), 'x': Scheme(shape=(250,), dtype=torch.float32), '_id': Scheme(shape=(), dtype=torch.int64)}
         edata_schemes={})
tensor([[-0.0051, -0.1282, -0.0217,  ...,  0.0707,  0.0920, -0.0168],
        [-0.0051, -0.1282, -0.0217,  ...,  0.0707,  0.0920, -0.0168],
        [-0.0051, -0.1282, -0.0217,  ...,  0.0707,  0.0920, -0.0168],
        ...,
        [ 0.0756, -0.1172, -0.0557,  ...,  0.0643,  0.1086, -0.0078],
        [ 0.0756, -0.1172, -0.0557,  ...,  0.0643,  0.1086, -0.0078],
        [ 0.0756, -0.1172, -0.0557,  ...,  0.0643,  0.1086, -0.0078]],
       device='cuda:0')
DGLGraph(num_nodes=17212, num_edges=30328,
         ndata_schemes={'pos': Scheme(shape=(), dtype=torch.int64), 'x': Scheme(shape=(250,), dtype=torch.float32), '_id': Scheme(shape=(), dtype=torch.int64)}
         edata_schemes={})
tensor([[ 0.0832, -0.0797, -0.0752,  ..., -0.0582, -0.0154,  0.0243],
        [ 0.0832, -0.0797, -0.0752,  ..., -0.0582, -0.0154,  0.0243],
        [ 0.0832, -0.0797, -0.0752,  ..., -0.0582, -0.0154,  0.0243],
        ...,
        [ 0.0540, -0.1171, -0.0492,  ...,  0.0643,  0.1045,  0.0352],
        [ 0.0540, -0.1171, -0.0492,  ...,  0.0643,  0.1045,  0.0352],
        [ 0.0540, -0.1171, -0.0492,  ...,  0.0643,  0.1045,  0.0352]],
       device='cuda:0')
DGLGraph(num_nodes=18109, num_edges=32122,
         ndata_schemes={'pos': Scheme(shape=(), dtype=torch.int64), 'x': Scheme(shape=(250,), dtype=torch.float32), '_id': Scheme(shape=(), dtype=torch.int64)}
         edata_schemes={})
tensor([[ 0.0408, -0.0171, -0.0669,  ...,  0.0218,  0.1067,  0.0236],
        [ 0.0408, -0.0171, -0.0669,  ...,  0.0218,  0.1067,  0.0236],
        [ 0.0408, -0.0171, -0.0669,  ...,  0.0218,  0.1067,  0.0236],
        ...,
        [-0.0273, -0.1212, -0.0481,  ...,  0.0711,  0.0969, -0.0283],
        [-0.0273, -0.1212, -0.0481,  ...,  0.0711,  0.0969, -0.0283],
        [-0.0273, -0.1212, -0.0481,  ...,  0.0711,  0.0969, -0.0283]],
       device='cuda:0')
DGLGraph(num_nodes=18431, num_edges=32766,
         ndata_schemes={'pos': Scheme(shape=(), dtype=torch.int64), 'x': Scheme(shape=(250,), dtype=torch.float32), '_id': Scheme(shape=(), dtype=torch.int64)}
         edata_schemes={})
tensor([[ 0.0463, -0.1448, -0.0463,  ...,  0.0384,  0.1321, -0.0228],
        [ 0.0463, -0.1448, -0.0463,  ...,  0.0384,  0.1321, -0.0228],
        [ 0.0463, -0.1448, -0.0463,  ...,  0.0384,  0.1321, -0.0228],
        ...,
        [-0.0441, -0.0313, -0.0173,  ...,  0.0825,  0.0002,  0.0410],
        [-0.0441, -0.0313, -0.0173,  ...,  0.0825,  0.0002,  0.0410],
        [-0.0441, -0.0313, -0.0173,  ...,  0.0825,  0.0002,  0.0410]],
       device='cuda:0')
DGLGraph(num_nodes=17926, num_edges=31756,
         ndata_schemes={'pos': Scheme(shape=(), dtype=torch.int64), 'x': Scheme(shape=(250,), dtype=torch.float32), '_id': Scheme(shape=(), dtype=torch.int64)}
         edata_schemes={})
tensor([[-0.0331, -0.1570, -0.0844,  ...,  0.0418,  0.0908,  0.0064],
        [-0.0331, -0.1570, -0.0844,  ...,  0.0418,  0.0908,  0.0064],
        [-0.0331, -0.1570, -0.0844,  ...,  0.0418,  0.0908,  0.0064],
        ...,
        [-0.0695, -0.0236, -0.0958,  ..., -0.0371,  0.0011, -0.0098],
        [-0.0695, -0.0236, -0.0958,  ..., -0.0371,  0.0011, -0.0098],
        [-0.0695, -0.0236, -0.0958,  ..., -0.0371,  0.0011, -0.0098]],
       device='cuda:0')
DGLGraph(num_nodes=18689, num_edges=33282,
         ndata_schemes={'pos': Scheme(shape=(), dtype=torch.int64), 'x': Scheme(shape=(250,), dtype=torch.float32), '_id': Scheme(shape=(), dtype=torch.int64)}
         edata_schemes={})
tensor([[-0.0956, -0.0909, -0.0702,  ...,  0.0957,  0.1144, -0.0708],
        [-0.0956, -0.0909, -0.0702,  ...,  0.0957,  0.1144, -0.0708],
        [-0.0956, -0.0909, -0.0702,  ...,  0.0957,  0.1144, -0.0708],
        ...,
        [ 0.0562, -0.1368,  0.0256,  ..., -0.0167,  0.1382, -0.0508],
        [ 0.0562, -0.1368,  0.0256,  ..., -0.0167,  0.1382, -0.0508],
        [ 0.0562, -0.1368,  0.0256,  ..., -0.0167,  0.1382, -0.0508]],
       device='cuda:0')
DGLGraph(num_nodes=17719, num_edges=31342,
         ndata_schemes={'pos': Scheme(shape=(), dtype=torch.int64), 'x': Scheme(shape=(250,), dtype=torch.float32), '_id': Scheme(shape=(), dtype=torch.int64)}
         edata_schemes={})
tensor([[ 0.0426, -0.0028, -0.0425,  ...,  0.0192,  0.0799,  0.0427],
        [ 0.0426, -0.0028, -0.0425,  ...,  0.0192,  0.0799,  0.0427],
        [ 0.0426, -0.0028, -0.0425,  ...,  0.0192,  0.0799,  0.0427],
        ...,
        [ 0.0312, -0.0643, -0.0698,  ...,  0.0675,  0.0163,  0.0251],
        [ 0.0312, -0.0643, -0.0698,  ...,  0.0675,  0.0163,  0.0251],
        [ 0.0312, -0.0643, -0.0698,  ...,  0.0675,  0.0163,  0.0251]],
       device='cuda:0')
DGLGraph(num_nodes=17853, num_edges=31610,
         ndata_schemes={'pos': Scheme(shape=(), dtype=torch.int64), 'x': Scheme(shape=(250,), dtype=torch.float32), '_id': Scheme(shape=(), dtype=torch.int64)}
         edata_schemes={})
tensor([[ 0.0342, -0.0711, -0.0646,  ...,  0.0577,  0.0589, -0.0293],
        [ 0.0342, -0.0711, -0.0646,  ...,  0.0577,  0.0589, -0.0293],
        [ 0.0342, -0.0711, -0.0646,  ...,  0.0577,  0.0589, -0.0293],
        ...,
        [ 0.0882, -0.0667, -0.0001,  ...,  0.0573,  0.0757, -0.0091],
        [ 0.0882, -0.0667, -0.0001,  ...,  0.0573,  0.0757, -0.0091],
        [ 0.0882, -0.0667, -0.0001,  ...,  0.0573,  0.0757, -0.0091]],
       device='cuda:0')
DGLGraph(num_nodes=18055, num_edges=32014,
         ndata_schemes={'pos': Scheme(shape=(), dtype=torch.int64), 'x': Scheme(shape=(250,), dtype=torch.float32), '_id': Scheme(shape=(), dtype=torch.int64)}
         edata_schemes={})
tensor([[ 0.0466, -0.0227,  0.0255,  ...,  0.0725,  0.1087,  0.0013],
        [ 0.0466, -0.0227,  0.0255,  ...,  0.0725,  0.1087,  0.0013],
        [ 0.0466, -0.0227,  0.0255,  ...,  0.0725,  0.1087,  0.0013],
        ...,
        [ 0.0846, -0.1412,  0.0048,  ..., -0.0236,  0.1725, -0.0572],
        [ 0.0846, -0.1412,  0.0048,  ..., -0.0236,  0.1725, -0.0572],
        [ 0.0846, -0.1412,  0.0048,  ..., -0.0236,  0.1725, -0.0572]],
       device='cuda:0')
DGLGraph(num_nodes=18402, num_edges=32708,
         ndata_schemes={'pos': Scheme(shape=(), dtype=torch.int64), 'x': Scheme(shape=(250,), dtype=torch.float32), '_id': Scheme(shape=(), dtype=torch.int64)}
         edata_schemes={})
tensor([[-0.0010, -0.0636,  0.0813,  ...,  0.0042,  0.0865,  0.0129],
        [-0.0010, -0.0636,  0.0813,  ...,  0.0042,  0.0865,  0.0129],
        [-0.0010, -0.0636,  0.0813,  ...,  0.0042,  0.0865,  0.0129],
        ...,
        [-0.0105, -0.0164,  0.0087,  ...,  0.0511,  0.0867, -0.0275],
        [-0.0105, -0.0164,  0.0087,  ...,  0.0511,  0.0867, -0.0275],
        [-0.0105, -0.0164,  0.0087,  ...,  0.0511,  0.0867, -0.0275]],
       device='cuda:0')
DGLGraph(num_nodes=18484, num_edges=32872,
         ndata_schemes={'pos': Scheme(shape=(), dtype=torch.int64), 'x': Scheme(shape=(250,), dtype=torch.float32), '_id': Scheme(shape=(), dtype=torch.int64)}
         edata_schemes={})
tensor([[-2.7581e-02, -3.7270e-02, -9.7924e-03,  ...,  1.9668e-02,
          4.0810e-02, -4.2784e-02],
        [-2.7581e-02, -3.7270e-02, -9.7924e-03,  ...,  1.9668e-02,
          4.0810e-02, -4.2784e-02],
        [-2.7581e-02, -3.7270e-02, -9.7924e-03,  ...,  1.9668e-02,
          4.0810e-02, -4.2784e-02],
        ...,
        [ 7.4544e-02, -1.2953e-01,  9.7527e-04,  ...,  4.5025e-02,
          1.3176e-01,  5.0550e-05],
        [ 7.4544e-02, -1.2953e-01,  9.7527e-04,  ...,  4.5025e-02,
          1.3176e-01,  5.0550e-05],
        [ 7.4544e-02, -1.2953e-01,  9.7527e-04,  ...,  4.5025e-02,
          1.3176e-01,  5.0550e-05]], device='cuda:0')
DGLGraph(num_nodes=17867, num_edges=31638,
         ndata_schemes={'pos': Scheme(shape=(), dtype=torch.int64), 'x': Scheme(shape=(250,), dtype=torch.float32), '_id': Scheme(shape=(), dtype=torch.int64)}
         edata_schemes={})
tensor([[-0.0611,  0.0251, -0.0839,  ..., -0.0016,  0.0114,  0.0176],
        [-0.0611,  0.0251, -0.0839,  ..., -0.0016,  0.0114,  0.0176],
        [-0.0611,  0.0251, -0.0839,  ..., -0.0016,  0.0114,  0.0176],
        ...,
        [-0.0099, -0.0259, -0.0667,  ...,  0.0809,  0.0207, -0.0010],
        [-0.0099, -0.0259, -0.0667,  ...,  0.0809,  0.0207, -0.0010],
        [-0.0099, -0.0259, -0.0667,  ...,  0.0809,  0.0207, -0.0010]],
       device='cuda:0')
DGLGraph(num_nodes=18229, num_edges=32362,
         ndata_schemes={'pos': Scheme(shape=(), dtype=torch.int64), 'x': Scheme(shape=(250,), dtype=torch.float32), '_id': Scheme(shape=(), dtype=torch.int64)}
         edata_schemes={})
tensor([[ 0.0644, -0.1366, -0.0646,  ...,  0.0365,  0.1182, -0.0078],
        [ 0.0644, -0.1366, -0.0646,  ...,  0.0365,  0.1182, -0.0078],
        [ 0.0644, -0.1366, -0.0646,  ...,  0.0365,  0.1182, -0.0078],
        ...,
        [ 0.0520, -0.0801, -0.0018,  ...,  0.1021,  0.0309, -0.0122],
        [ 0.0520, -0.0801, -0.0018,  ...,  0.1021,  0.0309, -0.0122],
        [ 0.0520, -0.0801, -0.0018,  ...,  0.1021,  0.0309, -0.0122]],
       device='cuda:0')
DGLGraph(num_nodes=18391, num_edges=32686,
         ndata_schemes={'pos': Scheme(shape=(), dtype=torch.int64), 'x': Scheme(shape=(250,), dtype=torch.float32), '_id': Scheme(shape=(), dtype=torch.int64)}
         edata_schemes={})
tensor([[ 0.0286, -0.0662, -0.0472,  ...,  0.0691,  0.1014, -0.0142],
        [ 0.0286, -0.0662, -0.0472,  ...,  0.0691,  0.1014, -0.0142],
        [ 0.0286, -0.0662, -0.0472,  ...,  0.0691,  0.1014, -0.0142],
        ...,
        [ 0.0012, -0.0736,  0.0259,  ..., -0.0483,  0.0531,  0.0278],
        [ 0.0012, -0.0736,  0.0259,  ..., -0.0483,  0.0531,  0.0278],
        [ 0.0012, -0.0736,  0.0259,  ..., -0.0483,  0.0531,  0.0278]],
       device='cuda:0')
DGLGraph(num_nodes=18251, num_edges=32406,
         ndata_schemes={'pos': Scheme(shape=(), dtype=torch.int64), 'x': Scheme(shape=(250,), dtype=torch.float32), '_id': Scheme(shape=(), dtype=torch.int64)}
         edata_schemes={})
tensor([[-0.0136, -0.1024, -0.0286,  ..., -0.0046, -0.0525,  0.0352],
        [-0.0136, -0.1024, -0.0286,  ..., -0.0046, -0.0525,  0.0352],
        [-0.0136, -0.1024, -0.0286,  ..., -0.0046, -0.0525,  0.0352],
        ...,
        [-0.0104, -0.0359, -0.0494,  ...,  0.0309,  0.0291, -0.0251],
        [-0.0104, -0.0359, -0.0494,  ...,  0.0309,  0.0291, -0.0251],
        [-0.0104, -0.0359, -0.0494,  ...,  0.0309,  0.0291, -0.0251]],
       device='cuda:0')
DGLGraph(num_nodes=18679, num_edges=33262,
         ndata_schemes={'pos': Scheme(shape=(), dtype=torch.int64), 'x': Scheme(shape=(250,), dtype=torch.float32), '_id': Scheme(shape=(), dtype=torch.int64)}
         edata_schemes={})
tensor([[-0.0276,  0.0245, -0.0473,  ...,  0.0695,  0.0362,  0.0140],
        [-0.0276,  0.0245, -0.0473,  ...,  0.0695,  0.0362,  0.0140],
        [-0.0276,  0.0245, -0.0473,  ...,  0.0695,  0.0362,  0.0140],
        ...,
        [ 0.0464, -0.0555, -0.0149,  ...,  0.0680,  0.0074,  0.0382],
        [ 0.0464, -0.0555, -0.0149,  ...,  0.0680,  0.0074,  0.0382],
        [ 0.0464, -0.0555, -0.0149,  ...,  0.0680,  0.0074,  0.0382]],
       device='cuda:0')
DGLGraph(num_nodes=17819, num_edges=31542,
         ndata_schemes={'pos': Scheme(shape=(), dtype=torch.int64), 'x': Scheme(shape=(250,), dtype=torch.float32), '_id': Scheme(shape=(), dtype=torch.int64)}
         edata_schemes={})
tensor([[-0.0512, -0.1061,  0.0129,  ...,  0.0752,  0.1752, -0.0747],
        [-0.0512, -0.1061,  0.0129,  ...,  0.0752,  0.1752, -0.0747],
        [-0.0512, -0.1061,  0.0129,  ...,  0.0752,  0.1752, -0.0747],
        ...,
        [ 0.0327, -0.0786,  0.0035,  ...,  0.0985,  0.0412, -0.0035],
        [ 0.0327, -0.0786,  0.0035,  ...,  0.0985,  0.0412, -0.0035],
        [ 0.0327, -0.0786,  0.0035,  ...,  0.0985,  0.0412, -0.0035]],
       device='cuda:0')
DGLGraph(num_nodes=18060, num_edges=32024,
         ndata_schemes={'pos': Scheme(shape=(), dtype=torch.int64), 'x': Scheme(shape=(250,), dtype=torch.float32), '_id': Scheme(shape=(), dtype=torch.int64)}
         edata_schemes={})
tensor([[ 0.0335, -0.0480, -0.0641,  ...,  0.0089,  0.0884,  0.0031],
        [ 0.0335, -0.0480, -0.0641,  ...,  0.0089,  0.0884,  0.0031],
        [ 0.0335, -0.0480, -0.0641,  ...,  0.0089,  0.0884,  0.0031],
        ...,
        [ 0.0119, -0.0947, -0.0437,  ...,  0.0174,  0.0372,  0.0399],
        [ 0.0119, -0.0947, -0.0437,  ...,  0.0174,  0.0372,  0.0399],
        [ 0.0119, -0.0947, -0.0437,  ...,  0.0174,  0.0372,  0.0399]],
       device='cuda:0')
DGLGraph(num_nodes=18388, num_edges=32680,
         ndata_schemes={'pos': Scheme(shape=(), dtype=torch.int64), 'x': Scheme(shape=(250,), dtype=torch.float32), '_id': Scheme(shape=(), dtype=torch.int64)}
         edata_schemes={})
tensor([[-0.0963,  0.0224, -0.0954,  ..., -0.0870, -0.0636,  0.0033],
        [-0.0963,  0.0224, -0.0954,  ..., -0.0870, -0.0636,  0.0033],
        [-0.0963,  0.0224, -0.0954,  ..., -0.0870, -0.0636,  0.0033],
        ...,
        [ 0.0087, -0.1115, -0.0544,  ...,  0.0695,  0.1005,  0.0425],
        [ 0.0087, -0.1115, -0.0544,  ...,  0.0695,  0.1005,  0.0425],
        [ 0.0087, -0.1115, -0.0544,  ...,  0.0695,  0.1005,  0.0425]],
       device='cuda:0')
DGLGraph(num_nodes=18113, num_edges=32130,
         ndata_schemes={'pos': Scheme(shape=(), dtype=torch.int64), 'x': Scheme(shape=(250,), dtype=torch.float32), '_id': Scheme(shape=(), dtype=torch.int64)}
         edata_schemes={})
tensor([[ 0.0824, -0.1058,  0.0014,  ...,  0.0050,  0.0981, -0.0371],
        [ 0.0824, -0.1058,  0.0014,  ...,  0.0050,  0.0981, -0.0371],
        [ 0.0824, -0.1058,  0.0014,  ...,  0.0050,  0.0981, -0.0371],
        ...,
        [ 0.0469, -0.0318, -0.0335,  ...,  0.0861,  0.0345, -0.0169],
        [ 0.0469, -0.0318, -0.0335,  ...,  0.0861,  0.0345, -0.0169],
        [ 0.0469, -0.0318, -0.0335,  ...,  0.0861,  0.0345, -0.0169]],
       device='cuda:0')
DGLGraph(num_nodes=18176, num_edges=32256,
         ndata_schemes={'pos': Scheme(shape=(), dtype=torch.int64), 'x': Scheme(shape=(250,), dtype=torch.float32), '_id': Scheme(shape=(), dtype=torch.int64)}
         edata_schemes={})
tensor([[ 0.0121, -0.0660, -0.0353,  ..., -0.0097, -0.0144,  0.0090],
        [ 0.0121, -0.0660, -0.0353,  ..., -0.0097, -0.0144,  0.0090],
        [ 0.0121, -0.0660, -0.0353,  ..., -0.0097, -0.0144,  0.0090],
        ...,
        [ 0.0302, -0.1232, -0.0370,  ...,  0.0056,  0.0766, -0.0411],
        [ 0.0302, -0.1232, -0.0370,  ...,  0.0056,  0.0766, -0.0411],
        [ 0.0302, -0.1232, -0.0370,  ...,  0.0056,  0.0766, -0.0411]],
       device='cuda:0')
DGLGraph(num_nodes=18213, num_edges=32330,
         ndata_schemes={'pos': Scheme(shape=(), dtype=torch.int64), 'x': Scheme(shape=(250,), dtype=torch.float32), '_id': Scheme(shape=(), dtype=torch.int64)}
         edata_schemes={})
tensor([[ 0.0182, -0.1349, -0.0687,  ..., -0.0245,  0.0856, -0.0212],
        [ 0.0182, -0.1349, -0.0687,  ..., -0.0245,  0.0856, -0.0212],
        [ 0.0182, -0.1349, -0.0687,  ..., -0.0245,  0.0856, -0.0212],
        ...,
        [ 0.0017, -0.0406, -0.0494,  ...,  0.0595,  0.0749, -0.0209],
        [ 0.0017, -0.0406, -0.0494,  ...,  0.0595,  0.0749, -0.0209],
        [ 0.0017, -0.0406, -0.0494,  ...,  0.0595,  0.0749, -0.0209]],
       device='cuda:0')
DGLGraph(num_nodes=17527, num_edges=30958,
         ndata_schemes={'pos': Scheme(shape=(), dtype=torch.int64), 'x': Scheme(shape=(250,), dtype=torch.float32), '_id': Scheme(shape=(), dtype=torch.int64)}
         edata_schemes={})
tensor([[-0.0103, -0.0403, -0.0655,  ...,  0.0497,  0.0643,  0.0357],
        [-0.0103, -0.0403, -0.0655,  ...,  0.0497,  0.0643,  0.0357],
        [-0.0103, -0.0403, -0.0655,  ...,  0.0497,  0.0643,  0.0357],
        ...,
        [ 0.0294, -0.1580, -0.0383,  ...,  0.0312,  0.1427,  0.0442],
        [ 0.0294, -0.1580, -0.0383,  ...,  0.0312,  0.1427,  0.0442],
        [ 0.0294, -0.1580, -0.0383,  ...,  0.0312,  0.1427,  0.0442]],
       device='cuda:0')
DGLGraph(num_nodes=17583, num_edges=31070,
         ndata_schemes={'pos': Scheme(shape=(), dtype=torch.int64), 'x': Scheme(shape=(250,), dtype=torch.float32), '_id': Scheme(shape=(), dtype=torch.int64)}
         edata_schemes={})
tensor([[-0.1063, -0.0289, -0.0063,  ..., -0.0932, -0.0940, -0.0018],
        [-0.1063, -0.0289, -0.0063,  ..., -0.0932, -0.0940, -0.0018],
        [-0.1063, -0.0289, -0.0063,  ..., -0.0932, -0.0940, -0.0018],
        ...,
        [ 0.1090, -0.0857, -0.0192,  ..., -0.0179,  0.0454, -0.0215],
        [ 0.1090, -0.0857, -0.0192,  ..., -0.0179,  0.0454, -0.0215],
        [ 0.1090, -0.0857, -0.0192,  ..., -0.0179,  0.0454, -0.0215]],
       device='cuda:0')
DGLGraph(num_nodes=18079, num_edges=32062,
         ndata_schemes={'pos': Scheme(shape=(), dtype=torch.int64), 'x': Scheme(shape=(250,), dtype=torch.float32), '_id': Scheme(shape=(), dtype=torch.int64)}
         edata_schemes={})
tensor([[ 0.0029, -0.1077, -0.0614,  ...,  0.0147,  0.1339, -0.0146],
        [ 0.0029, -0.1077, -0.0614,  ...,  0.0147,  0.1339, -0.0146],
        [ 0.0029, -0.1077, -0.0614,  ...,  0.0147,  0.1339, -0.0146],
        ...,
        [ 0.0169, -0.0911, -0.0649,  ...,  0.0407,  0.0758, -0.0138],
        [ 0.0169, -0.0911, -0.0649,  ...,  0.0407,  0.0758, -0.0138],
        [ 0.0169, -0.0911, -0.0649,  ...,  0.0407,  0.0758, -0.0138]],
       device='cuda:0')
DGLGraph(num_nodes=17933, num_edges=31770,
         ndata_schemes={'pos': Scheme(shape=(), dtype=torch.int64), 'x': Scheme(shape=(250,), dtype=torch.float32), '_id': Scheme(shape=(), dtype=torch.int64)}
         edata_schemes={})
tensor([[-7.8229e-05, -9.6365e-02, -1.0367e-02,  ...,  4.1220e-02,
          1.0091e-01, -1.6140e-02],
        [-7.8229e-05, -9.6365e-02, -1.0367e-02,  ...,  4.1220e-02,
          1.0091e-01, -1.6140e-02],
        [-7.8229e-05, -9.6365e-02, -1.0367e-02,  ...,  4.1220e-02,
          1.0091e-01, -1.6140e-02],
        ...,
        [ 8.2167e-02, -1.2777e-01, -4.1574e-02,  ...,  6.3582e-03,
          1.4281e-01, -3.8030e-02],
        [ 8.2167e-02, -1.2777e-01, -4.1574e-02,  ...,  6.3582e-03,
          1.4281e-01, -3.8030e-02],
        [ 8.2167e-02, -1.2777e-01, -4.1574e-02,  ...,  6.3582e-03,
          1.4281e-01, -3.8030e-02]], device='cuda:0')
DGLGraph(num_nodes=18133, num_edges=32170,
         ndata_schemes={'pos': Scheme(shape=(), dtype=torch.int64), 'x': Scheme(shape=(250,), dtype=torch.float32), '_id': Scheme(shape=(), dtype=torch.int64)}
         edata_schemes={})
tensor([[ 0.0733, -0.1108, -0.0308,  ...,  0.0245,  0.1435,  0.0220],
        [ 0.0733, -0.1108, -0.0308,  ...,  0.0245,  0.1435,  0.0220],
        [ 0.0733, -0.1108, -0.0308,  ...,  0.0245,  0.1435,  0.0220],
        ...,
        [ 0.0021, -0.0444,  0.0204,  ...,  0.0570,  0.0440,  0.0159],
        [ 0.0021, -0.0444,  0.0204,  ...,  0.0570,  0.0440,  0.0159],
        [ 0.0021, -0.0444,  0.0204,  ...,  0.0570,  0.0440,  0.0159]],
       device='cuda:0')
DGLGraph(num_nodes=17811, num_edges=31526,
         ndata_schemes={'pos': Scheme(shape=(), dtype=torch.int64), 'x': Scheme(shape=(250,), dtype=torch.float32), '_id': Scheme(shape=(), dtype=torch.int64)}
         edata_schemes={})
tensor([[ 0.0610, -0.1211, -0.0609,  ...,  0.0533,  0.0898, -0.0155],
        [ 0.0610, -0.1211, -0.0609,  ...,  0.0533,  0.0898, -0.0155],
        [ 0.0610, -0.1211, -0.0609,  ...,  0.0533,  0.0898, -0.0155],
        ...,
        [ 0.0246, -0.0565, -0.0629,  ...,  0.0638,  0.0573, -0.0163],
        [ 0.0246, -0.0565, -0.0629,  ...,  0.0638,  0.0573, -0.0163],
        [ 0.0246, -0.0565, -0.0629,  ...,  0.0638,  0.0573, -0.0163]],
       device='cuda:0')
DGLGraph(num_nodes=17698, num_edges=31300,
         ndata_schemes={'pos': Scheme(shape=(), dtype=torch.int64), 'x': Scheme(shape=(250,), dtype=torch.float32), '_id': Scheme(shape=(), dtype=torch.int64)}
         edata_schemes={})
tensor([[ 0.0737, -0.0416, -0.0043,  ..., -0.0205,  0.0823, -0.0338],
        [ 0.0737, -0.0416, -0.0043,  ..., -0.0205,  0.0823, -0.0338],
        [ 0.0737, -0.0416, -0.0043,  ..., -0.0205,  0.0823, -0.0338],
        ...,
        [ 0.0345, -0.0316,  0.0301,  ..., -0.0705,  0.1884, -0.0506],
        [ 0.0345, -0.0316,  0.0301,  ..., -0.0705,  0.1884, -0.0506],
        [ 0.0345, -0.0316,  0.0301,  ..., -0.0705,  0.1884, -0.0506]],
       device='cuda:0')
DGLGraph(num_nodes=17966, num_edges=31836,
         ndata_schemes={'pos': Scheme(shape=(), dtype=torch.int64), 'x': Scheme(shape=(250,), dtype=torch.float32), '_id': Scheme(shape=(), dtype=torch.int64)}
         edata_schemes={})
tensor([[ 0.0091, -0.1475, -0.0473,  ...,  0.0094,  0.1187, -0.0174],
        [ 0.0091, -0.1475, -0.0473,  ...,  0.0094,  0.1187, -0.0174],
        [ 0.0091, -0.1475, -0.0473,  ...,  0.0094,  0.1187, -0.0174],
        ...,
        [ 0.0657, -0.0201, -0.0827,  ..., -0.0107,  0.0567, -0.0166],
        [ 0.0657, -0.0201, -0.0827,  ..., -0.0107,  0.0567, -0.0166],
        [ 0.0657, -0.0201, -0.0827,  ..., -0.0107,  0.0567, -0.0166]],
       device='cuda:0')
DGLGraph(num_nodes=17712, num_edges=31328,
         ndata_schemes={'pos': Scheme(shape=(), dtype=torch.int64), 'x': Scheme(shape=(250,), dtype=torch.float32), '_id': Scheme(shape=(), dtype=torch.int64)}
         edata_schemes={})
tensor([[-0.0307, -0.0267, -0.0987,  ...,  0.0268, -0.0178, -0.0041],
        [-0.0307, -0.0267, -0.0987,  ...,  0.0268, -0.0178, -0.0041],
        [-0.0307, -0.0267, -0.0987,  ...,  0.0268, -0.0178, -0.0041],
        ...,
        [ 0.0694, -0.0856, -0.0102,  ...,  0.0366,  0.1018, -0.0354],
        [ 0.0694, -0.0856, -0.0102,  ...,  0.0366,  0.1018, -0.0354],
        [ 0.0694, -0.0856, -0.0102,  ...,  0.0366,  0.1018, -0.0354]],
       device='cuda:0')
DGLGraph(num_nodes=18141, num_edges=32186,
         ndata_schemes={'pos': Scheme(shape=(), dtype=torch.int64), 'x': Scheme(shape=(250,), dtype=torch.float32), '_id': Scheme(shape=(), dtype=torch.int64)}
         edata_schemes={})
tensor([[-0.0162, -0.0659, -0.0868,  ...,  0.0606,  0.1346, -0.0092],
        [-0.0162, -0.0659, -0.0868,  ...,  0.0606,  0.1346, -0.0092],
        [-0.0162, -0.0659, -0.0868,  ...,  0.0606,  0.1346, -0.0092],
        ...,
        [ 0.0556, -0.0998, -0.0619,  ...,  0.0364,  0.0723, -0.0522],
        [ 0.0556, -0.0998, -0.0619,  ...,  0.0364,  0.0723, -0.0522],
        [ 0.0556, -0.0998, -0.0619,  ...,  0.0364,  0.0723, -0.0522]],
       device='cuda:0')
DGLGraph(num_nodes=18005, num_edges=31914,
         ndata_schemes={'pos': Scheme(shape=(), dtype=torch.int64), 'x': Scheme(shape=(250,), dtype=torch.float32), '_id': Scheme(shape=(), dtype=torch.int64)}
         edata_schemes={})
tensor([[ 0.0705, -0.0581, -0.0564,  ...,  0.0834,  0.1305,  0.0211],
        [ 0.0705, -0.0581, -0.0564,  ...,  0.0834,  0.1305,  0.0211],
        [ 0.0705, -0.0581, -0.0564,  ...,  0.0834,  0.1305,  0.0211],
        ...,
        [ 0.0717, -0.1151, -0.0660,  ...,  0.0347,  0.0847, -0.0334],
        [ 0.0717, -0.1151, -0.0660,  ...,  0.0347,  0.0847, -0.0334],
        [ 0.0717, -0.1151, -0.0660,  ...,  0.0347,  0.0847, -0.0334]],
       device='cuda:0')
DGLGraph(num_nodes=18206, num_edges=32316,
         ndata_schemes={'pos': Scheme(shape=(), dtype=torch.int64), 'x': Scheme(shape=(250,), dtype=torch.float32), '_id': Scheme(shape=(), dtype=torch.int64)}
         edata_schemes={})
tensor([[ 0.0379, -0.0811, -0.0502,  ...,  0.0591,  0.0383, -0.0416],
        [ 0.0379, -0.0811, -0.0502,  ...,  0.0591,  0.0383, -0.0416],
        [ 0.0379, -0.0811, -0.0502,  ...,  0.0591,  0.0383, -0.0416],
        ...,
        [ 0.0585, -0.1229,  0.0136,  ...,  0.0266,  0.1049,  0.0313],
        [ 0.0585, -0.1229,  0.0136,  ...,  0.0266,  0.1049,  0.0313],
        [ 0.0585, -0.1229,  0.0136,  ...,  0.0266,  0.1049,  0.0313]],
       device='cuda:0')
DGLGraph(num_nodes=17843, num_edges=31590,
         ndata_schemes={'pos': Scheme(shape=(), dtype=torch.int64), 'x': Scheme(shape=(250,), dtype=torch.float32), '_id': Scheme(shape=(), dtype=torch.int64)}
         edata_schemes={})
tensor([[ 0.0067, -0.1137, -0.0393,  ...,  0.0192,  0.1057, -0.0448],
        [ 0.0067, -0.1137, -0.0393,  ...,  0.0192,  0.1057, -0.0448],
        [ 0.0067, -0.1137, -0.0393,  ...,  0.0192,  0.1057, -0.0448],
        ...,
        [ 0.0311, -0.0618, -0.0480,  ...,  0.0796,  0.0200,  0.0635],
        [ 0.0311, -0.0618, -0.0480,  ...,  0.0796,  0.0200,  0.0635],
        [ 0.0311, -0.0618, -0.0480,  ...,  0.0796,  0.0200,  0.0635]],
       device='cuda:0')
DGLGraph(num_nodes=17696, num_edges=31296,
         ndata_schemes={'pos': Scheme(shape=(), dtype=torch.int64), 'x': Scheme(shape=(250,), dtype=torch.float32), '_id': Scheme(shape=(), dtype=torch.int64)}
         edata_schemes={})
tensor([[ 0.0975, -0.0547, -0.0074,  ..., -0.0295,  0.0454, -0.0505],
        [ 0.0975, -0.0547, -0.0074,  ..., -0.0295,  0.0454, -0.0505],
        [ 0.0975, -0.0547, -0.0074,  ..., -0.0295,  0.0454, -0.0505],
        ...,
        [-0.0521,  0.0170, -0.0545,  ...,  0.0663,  0.0422, -0.0402],
        [-0.0521,  0.0170, -0.0545,  ...,  0.0663,  0.0422, -0.0402],
        [-0.0521,  0.0170, -0.0545,  ...,  0.0663,  0.0422, -0.0402]],
       device='cuda:0')
DGLGraph(num_nodes=17974, num_edges=31852,
         ndata_schemes={'pos': Scheme(shape=(), dtype=torch.int64), 'x': Scheme(shape=(250,), dtype=torch.float32), '_id': Scheme(shape=(), dtype=torch.int64)}
         edata_schemes={})
tensor([[-0.0997, -0.0363,  0.0614,  ...,  0.0387, -0.0136,  0.0152],
        [-0.0997, -0.0363,  0.0614,  ...,  0.0387, -0.0136,  0.0152],
        [-0.0997, -0.0363,  0.0614,  ...,  0.0387, -0.0136,  0.0152],
        ...,
        [-0.1130, -0.0194, -0.0346,  ..., -0.0531, -0.0311,  0.0059],
        [-0.1130, -0.0194, -0.0346,  ..., -0.0531, -0.0311,  0.0059],
        [-0.1130, -0.0194, -0.0346,  ..., -0.0531, -0.0311,  0.0059]],
       device='cuda:0')
DGLGraph(num_nodes=18774, num_edges=33452,
         ndata_schemes={'pos': Scheme(shape=(), dtype=torch.int64), 'x': Scheme(shape=(250,), dtype=torch.float32), '_id': Scheme(shape=(), dtype=torch.int64)}
         edata_schemes={})
tensor([[ 0.0630, -0.1252, -0.0267,  ..., -0.0046,  0.1519,  0.0132],
        [ 0.0630, -0.1252, -0.0267,  ..., -0.0046,  0.1519,  0.0132],
        [ 0.0630, -0.1252, -0.0267,  ..., -0.0046,  0.1519,  0.0132],
        ...,
        [ 0.0771, -0.1062, -0.0698,  ...,  0.0125,  0.0116, -0.0551],
        [ 0.0771, -0.1062, -0.0698,  ...,  0.0125,  0.0116, -0.0551],
        [ 0.0771, -0.1062, -0.0698,  ...,  0.0125,  0.0116, -0.0551]],
       device='cuda:0')
DGLGraph(num_nodes=18524, num_edges=32952,
         ndata_schemes={'pos': Scheme(shape=(), dtype=torch.int64), 'x': Scheme(shape=(250,), dtype=torch.float32), '_id': Scheme(shape=(), dtype=torch.int64)}
         edata_schemes={})
tensor([[ 0.0388, -0.0533, -0.0415,  ...,  0.0379,  0.0334, -0.0273],
        [ 0.0388, -0.0533, -0.0415,  ...,  0.0379,  0.0334, -0.0273],
        [ 0.0388, -0.0533, -0.0415,  ...,  0.0379,  0.0334, -0.0273],
        ...,
        [ 0.0490, -0.1073,  0.0091,  ...,  0.0190,  0.0179, -0.1087],
        [ 0.0490, -0.1073,  0.0091,  ...,  0.0190,  0.0179, -0.1087],
        [ 0.0490, -0.1073,  0.0091,  ...,  0.0190,  0.0179, -0.1087]],
       device='cuda:0')
DGLGraph(num_nodes=17962, num_edges=31828,
         ndata_schemes={'pos': Scheme(shape=(), dtype=torch.int64), 'x': Scheme(shape=(250,), dtype=torch.float32), '_id': Scheme(shape=(), dtype=torch.int64)}
         edata_schemes={})
tensor([[-5.3078e-06,  9.3066e-02, -4.7523e-02,  ...,  1.4116e-02,
         -1.5062e-02, -5.7242e-03],
        [-5.3078e-06,  9.3066e-02, -4.7523e-02,  ...,  1.4116e-02,
         -1.5062e-02, -5.7242e-03],
        [-5.3078e-06,  9.3066e-02, -4.7523e-02,  ...,  1.4116e-02,
         -1.5062e-02, -5.7242e-03],
        ...,
        [ 6.8938e-02, -5.4752e-02, -8.4748e-02,  ...,  2.5692e-02,
          8.3798e-02,  5.0931e-02],
        [ 6.8938e-02, -5.4752e-02, -8.4748e-02,  ...,  2.5692e-02,
          8.3798e-02,  5.0931e-02],
        [ 6.8938e-02, -5.4752e-02, -8.4748e-02,  ...,  2.5692e-02,
          8.3798e-02,  5.0931e-02]], device='cuda:0')
DGLGraph(num_nodes=17431, num_edges=30766,
         ndata_schemes={'pos': Scheme(shape=(), dtype=torch.int64), 'x': Scheme(shape=(250,), dtype=torch.float32), '_id': Scheme(shape=(), dtype=torch.int64)}
         edata_schemes={})
tensor([[ 0.0546, -0.1321, -0.0516,  ...,  0.0194,  0.1224, -0.0539],
        [ 0.0546, -0.1321, -0.0516,  ...,  0.0194,  0.1224, -0.0539],
        [ 0.0546, -0.1321, -0.0516,  ...,  0.0194,  0.1224, -0.0539],
        ...,
        [ 0.0542, -0.0846, -0.0388,  ...,  0.0912,  0.0862,  0.0415],
        [ 0.0542, -0.0846, -0.0388,  ...,  0.0912,  0.0862,  0.0415],
        [ 0.0542, -0.0846, -0.0388,  ...,  0.0912,  0.0862,  0.0415]],
       device='cuda:0')
DGLGraph(num_nodes=18486, num_edges=32876,
         ndata_schemes={'pos': Scheme(shape=(), dtype=torch.int64), 'x': Scheme(shape=(250,), dtype=torch.float32), '_id': Scheme(shape=(), dtype=torch.int64)}
         edata_schemes={})
tensor([[-0.0076, -0.0396, -0.0434,  ...,  0.0724,  0.1021, -0.0608],
        [-0.0076, -0.0396, -0.0434,  ...,  0.0724,  0.1021, -0.0608],
        [-0.0076, -0.0396, -0.0434,  ...,  0.0724,  0.1021, -0.0608],
        ...,
        [ 0.0710, -0.0683,  0.0152,  ...,  0.0315,  0.0596,  0.0196],
        [ 0.0710, -0.0683,  0.0152,  ...,  0.0315,  0.0596,  0.0196],
        [ 0.0710, -0.0683,  0.0152,  ...,  0.0315,  0.0596,  0.0196]],
       device='cuda:0')
DGLGraph(num_nodes=18244, num_edges=32392,
         ndata_schemes={'pos': Scheme(shape=(), dtype=torch.int64), 'x': Scheme(shape=(250,), dtype=torch.float32), '_id': Scheme(shape=(), dtype=torch.int64)}
         edata_schemes={})
tensor([[ 0.0096, -0.1443, -0.0313,  ...,  0.0537,  0.1086, -0.0533],
        [ 0.0096, -0.1443, -0.0313,  ...,  0.0537,  0.1086, -0.0533],
        [ 0.0096, -0.1443, -0.0313,  ...,  0.0537,  0.1086, -0.0533],
        ...,
        [ 0.0164, -0.1105,  0.0543,  ...,  0.0794,  0.1460,  0.0653],
        [ 0.0164, -0.1105,  0.0543,  ...,  0.0794,  0.1460,  0.0653],
        [ 0.0164, -0.1105,  0.0543,  ...,  0.0794,  0.1460,  0.0653]],
       device='cuda:0')
DGLGraph(num_nodes=18239, num_edges=32382,
         ndata_schemes={'pos': Scheme(shape=(), dtype=torch.int64), 'x': Scheme(shape=(250,), dtype=torch.float32), '_id': Scheme(shape=(), dtype=torch.int64)}
         edata_schemes={})
tensor([[ 0.0026,  0.0292, -0.0492,  ...,  0.1067,  0.1032, -0.0560],
        [ 0.0026,  0.0292, -0.0492,  ...,  0.1067,  0.1032, -0.0560],
        [ 0.0026,  0.0292, -0.0492,  ...,  0.1067,  0.1032, -0.0560],
        ...,
        [ 0.1217, -0.1570, -0.0644,  ...,  0.0531,  0.0553, -0.0663],
        [ 0.1217, -0.1570, -0.0644,  ...,  0.0531,  0.0553, -0.0663],
        [ 0.1217, -0.1570, -0.0644,  ...,  0.0531,  0.0553, -0.0663]],
       device='cuda:0')
DGLGraph(num_nodes=18431, num_edges=32766,
         ndata_schemes={'pos': Scheme(shape=(), dtype=torch.int64), 'x': Scheme(shape=(250,), dtype=torch.float32), '_id': Scheme(shape=(), dtype=torch.int64)}
         edata_schemes={})
tensor([[ 0.0335, -0.1424, -0.0402,  ..., -0.0408,  0.0967, -0.0592],
        [ 0.0335, -0.1424, -0.0402,  ..., -0.0408,  0.0967, -0.0592],
        [ 0.0335, -0.1424, -0.0402,  ..., -0.0408,  0.0967, -0.0592],
        ...,
        [ 0.0326, -0.1474, -0.0266,  ...,  0.0254,  0.1572, -0.0050],
        [ 0.0326, -0.1474, -0.0266,  ...,  0.0254,  0.1572, -0.0050],
        [ 0.0326, -0.1474, -0.0266,  ...,  0.0254,  0.1572, -0.0050]],
       device='cuda:0')
DGLGraph(num_nodes=18560, num_edges=33024,
         ndata_schemes={'pos': Scheme(shape=(), dtype=torch.int64), 'x': Scheme(shape=(250,), dtype=torch.float32), '_id': Scheme(shape=(), dtype=torch.int64)}
         edata_schemes={})
tensor([[ 0.0759, -0.1394, -0.0165,  ...,  0.0547,  0.1405, -0.0329],
        [ 0.0759, -0.1394, -0.0165,  ...,  0.0547,  0.1405, -0.0329],
        [ 0.0759, -0.1394, -0.0165,  ...,  0.0547,  0.1405, -0.0329],
        ...,
        [ 0.0294, -0.0578,  0.0046,  ...,  0.0430,  0.1073, -0.0212],
        [ 0.0294, -0.0578,  0.0046,  ...,  0.0430,  0.1073, -0.0212],
        [ 0.0294, -0.0578,  0.0046,  ...,  0.0430,  0.1073, -0.0212]],
       device='cuda:0')
DGLGraph(num_nodes=18372, num_edges=32648,
         ndata_schemes={'pos': Scheme(shape=(), dtype=torch.int64), 'x': Scheme(shape=(250,), dtype=torch.float32), '_id': Scheme(shape=(), dtype=torch.int64)}
         edata_schemes={})
tensor([[-0.0351, -0.0962, -0.0543,  ..., -0.0145,  0.1089, -0.0737],
        [-0.0351, -0.0962, -0.0543,  ..., -0.0145,  0.1089, -0.0737],
        [-0.0351, -0.0962, -0.0543,  ..., -0.0145,  0.1089, -0.0737],
        ...,
        [-0.0722, -0.0436, -0.0747,  ..., -0.0150,  0.1633,  0.0495],
        [-0.0722, -0.0436, -0.0747,  ..., -0.0150,  0.1633,  0.0495],
        [-0.0722, -0.0436, -0.0747,  ..., -0.0150,  0.1633,  0.0495]],
       device='cuda:0')
DGLGraph(num_nodes=17832, num_edges=31568,
         ndata_schemes={'pos': Scheme(shape=(), dtype=torch.int64), 'x': Scheme(shape=(250,), dtype=torch.float32), '_id': Scheme(shape=(), dtype=torch.int64)}
         edata_schemes={})
tensor([[ 0.0165, -0.0708, -0.0627,  ...,  0.0406,  0.0193,  0.0763],
        [ 0.0165, -0.0708, -0.0627,  ...,  0.0406,  0.0193,  0.0763],
        [ 0.0165, -0.0708, -0.0627,  ...,  0.0406,  0.0193,  0.0763],
        ...,
        [ 0.0773, -0.1309, -0.0488,  ...,  0.0511,  0.0724, -0.0609],
        [ 0.0773, -0.1309, -0.0488,  ...,  0.0511,  0.0724, -0.0609],
        [ 0.0773, -0.1309, -0.0488,  ...,  0.0511,  0.0724, -0.0609]],
       device='cuda:0')
DGLGraph(num_nodes=18258, num_edges=32420,
         ndata_schemes={'pos': Scheme(shape=(), dtype=torch.int64), 'x': Scheme(shape=(250,), dtype=torch.float32), '_id': Scheme(shape=(), dtype=torch.int64)}
         edata_schemes={})
tensor([[ 0.0100, -0.0131,  0.0056,  ..., -0.0042,  0.0871, -0.0204],
        [ 0.0100, -0.0131,  0.0056,  ..., -0.0042,  0.0871, -0.0204],
        [ 0.0100, -0.0131,  0.0056,  ..., -0.0042,  0.0871, -0.0204],
        ...,
        [-0.0330, -0.0977, -0.0338,  ...,  0.0976,  0.1014, -0.0511],
        [-0.0330, -0.0977, -0.0338,  ...,  0.0976,  0.1014, -0.0511],
        [-0.0330, -0.0977, -0.0338,  ...,  0.0976,  0.1014, -0.0511]],
       device='cuda:0')
DGLGraph(num_nodes=18052, num_edges=32008,
         ndata_schemes={'pos': Scheme(shape=(), dtype=torch.int64), 'x': Scheme(shape=(250,), dtype=torch.float32), '_id': Scheme(shape=(), dtype=torch.int64)}
         edata_schemes={})
tensor([[ 0.0743,  0.0090,  0.0621,  ...,  0.0087,  0.0746, -0.0336],
        [ 0.0743,  0.0090,  0.0621,  ...,  0.0087,  0.0746, -0.0336],
        [ 0.0743,  0.0090,  0.0621,  ...,  0.0087,  0.0746, -0.0336],
        ...,
        [ 0.0532, -0.0750, -0.0438,  ...,  0.0859,  0.0589,  0.0126],
        [ 0.0532, -0.0750, -0.0438,  ...,  0.0859,  0.0589,  0.0126],
        [ 0.0532, -0.0750, -0.0438,  ...,  0.0859,  0.0589,  0.0126]],
       device='cuda:0')
DGLGraph(num_nodes=18150, num_edges=32204,
         ndata_schemes={'pos': Scheme(shape=(), dtype=torch.int64), 'x': Scheme(shape=(250,), dtype=torch.float32), '_id': Scheme(shape=(), dtype=torch.int64)}
         edata_schemes={})
tensor([[ 0.0947, -0.1219, -0.0350,  ...,  0.0092,  0.0126, -0.1125],
        [ 0.0947, -0.1219, -0.0350,  ...,  0.0092,  0.0126, -0.1125],
        [ 0.0947, -0.1219, -0.0350,  ...,  0.0092,  0.0126, -0.1125],
        ...,
        [ 0.0294, -0.1067, -0.0290,  ...,  0.0573,  0.0598, -0.0195],
        [ 0.0294, -0.1067, -0.0290,  ...,  0.0573,  0.0598, -0.0195],
        [ 0.0294, -0.1067, -0.0290,  ...,  0.0573,  0.0598, -0.0195]],
       device='cuda:0')
DGLGraph(num_nodes=18434, num_edges=32772,
         ndata_schemes={'pos': Scheme(shape=(), dtype=torch.int64), 'x': Scheme(shape=(250,), dtype=torch.float32), '_id': Scheme(shape=(), dtype=torch.int64)}
         edata_schemes={})
tensor([[-0.0392,  0.0531, -0.0821,  ...,  0.0150,  0.0463, -0.0005],
        [-0.0392,  0.0531, -0.0821,  ...,  0.0150,  0.0463, -0.0005],
        [-0.0392,  0.0531, -0.0821,  ...,  0.0150,  0.0463, -0.0005],
        ...,
        [-0.0471,  0.0445, -0.0947,  ...,  0.0023,  0.0796,  0.0514],
        [-0.0471,  0.0445, -0.0947,  ...,  0.0023,  0.0796,  0.0514],
        [-0.0471,  0.0445, -0.0947,  ...,  0.0023,  0.0796,  0.0514]],
       device='cuda:0')
DGLGraph(num_nodes=17259, num_edges=30422,
         ndata_schemes={'pos': Scheme(shape=(), dtype=torch.int64), 'x': Scheme(shape=(250,), dtype=torch.float32), '_id': Scheme(shape=(), dtype=torch.int64)}
         edata_schemes={})
tensor([[ 0.0925, -0.1316, -0.0062,  ...,  0.0652,  0.1377, -0.0048],
        [ 0.0925, -0.1316, -0.0062,  ...,  0.0652,  0.1377, -0.0048],
        [ 0.0925, -0.1316, -0.0062,  ...,  0.0652,  0.1377, -0.0048],
        ...,
        [ 0.0346, -0.0489, -0.0248,  ...,  0.0563, -0.0165, -0.0205],
        [ 0.0346, -0.0489, -0.0248,  ...,  0.0563, -0.0165, -0.0205],
        [ 0.0346, -0.0489, -0.0248,  ...,  0.0563, -0.0165, -0.0205]],
       device='cuda:0')
DGLGraph(num_nodes=18312, num_edges=32528,
         ndata_schemes={'pos': Scheme(shape=(), dtype=torch.int64), 'x': Scheme(shape=(250,), dtype=torch.float32), '_id': Scheme(shape=(), dtype=torch.int64)}
         edata_schemes={})
tensor([[-0.0627, -0.0040, -0.1239,  ..., -0.0048,  0.0377,  0.0049],
        [-0.0627, -0.0040, -0.1239,  ..., -0.0048,  0.0377,  0.0049],
        [-0.0627, -0.0040, -0.1239,  ..., -0.0048,  0.0377,  0.0049],
        ...,
        [-0.0256, -0.0910, -0.0539,  ...,  0.0301,  0.0450,  0.0112],
        [-0.0256, -0.0910, -0.0539,  ...,  0.0301,  0.0450,  0.0112],
        [-0.0256, -0.0910, -0.0539,  ...,  0.0301,  0.0450,  0.0112]],
       device='cuda:0')
DGLGraph(num_nodes=18036, num_edges=31976,
         ndata_schemes={'pos': Scheme(shape=(), dtype=torch.int64), 'x': Scheme(shape=(250,), dtype=torch.float32), '_id': Scheme(shape=(), dtype=torch.int64)}
         edata_schemes={})
tensor([[-0.0982, -0.0229, -0.0021,  ...,  0.0066,  0.0981, -0.0309],
        [-0.0982, -0.0229, -0.0021,  ...,  0.0066,  0.0981, -0.0309],
        [-0.0982, -0.0229, -0.0021,  ...,  0.0066,  0.0981, -0.0309],
        ...,
        [-0.0643, -0.0836, -0.0151,  ...,  0.0514,  0.1267, -0.0305],
        [-0.0643, -0.0836, -0.0151,  ...,  0.0514,  0.1267, -0.0305],
        [-0.0643, -0.0836, -0.0151,  ...,  0.0514,  0.1267, -0.0305]],
       device='cuda:0')
DGLGraph(num_nodes=18670, num_edges=33244,
         ndata_schemes={'pos': Scheme(shape=(), dtype=torch.int64), 'x': Scheme(shape=(250,), dtype=torch.float32), '_id': Scheme(shape=(), dtype=torch.int64)}
         edata_schemes={})
tensor([[ 0.0861, -0.0754, -0.0402,  ...,  0.0217,  0.0248,  0.0397],
        [ 0.0861, -0.0754, -0.0402,  ...,  0.0217,  0.0248,  0.0397],
        [ 0.0861, -0.0754, -0.0402,  ...,  0.0217,  0.0248,  0.0397],
        ...,
        [ 0.0387, -0.1337, -0.0682,  ...,  0.0193,  0.1019, -0.0682],
        [ 0.0387, -0.1337, -0.0682,  ...,  0.0193,  0.1019, -0.0682],
        [ 0.0387, -0.1337, -0.0682,  ...,  0.0193,  0.1019, -0.0682]],
       device='cuda:0')
DGLGraph(num_nodes=18244, num_edges=32392,
         ndata_schemes={'pos': Scheme(shape=(), dtype=torch.int64), 'x': Scheme(shape=(250,), dtype=torch.float32), '_id': Scheme(shape=(), dtype=torch.int64)}
         edata_schemes={})
tensor([[ 5.3541e-04, -2.8663e-05, -6.2942e-02,  ...,  5.6849e-02,
          5.6624e-02, -2.7872e-02],
        [ 5.3541e-04, -2.8663e-05, -6.2942e-02,  ...,  5.6849e-02,
          5.6624e-02, -2.7872e-02],
        [ 5.3541e-04, -2.8663e-05, -6.2942e-02,  ...,  5.6849e-02,
          5.6624e-02, -2.7872e-02],
        ...,
        [-2.4699e-02, -4.6629e-02, -6.9589e-02,  ...,  3.3872e-02,
          9.8300e-02, -5.2256e-02],
        [-2.4699e-02, -4.6629e-02, -6.9589e-02,  ...,  3.3872e-02,
          9.8300e-02, -5.2256e-02],
        [-2.4699e-02, -4.6629e-02, -6.9589e-02,  ...,  3.3872e-02,
          9.8300e-02, -5.2256e-02]], device='cuda:0')
DGLGraph(num_nodes=18061, num_edges=32026,
         ndata_schemes={'pos': Scheme(shape=(), dtype=torch.int64), 'x': Scheme(shape=(250,), dtype=torch.float32), '_id': Scheme(shape=(), dtype=torch.int64)}
         edata_schemes={})
tensor([[ 0.0145, -0.0955, -0.0652,  ...,  0.0494,  0.0504, -0.0116],
        [ 0.0145, -0.0955, -0.0652,  ...,  0.0494,  0.0504, -0.0116],
        [ 0.0145, -0.0955, -0.0652,  ...,  0.0494,  0.0504, -0.0116],
        ...,
        [ 0.0131, -0.1172, -0.0214,  ...,  0.0498,  0.0662, -0.0266],
        [ 0.0131, -0.1172, -0.0214,  ...,  0.0498,  0.0662, -0.0266],
        [ 0.0131, -0.1172, -0.0214,  ...,  0.0498,  0.0662, -0.0266]],
       device='cuda:0')
DGLGraph(num_nodes=18225, num_edges=32354,
         ndata_schemes={'pos': Scheme(shape=(), dtype=torch.int64), 'x': Scheme(shape=(250,), dtype=torch.float32), '_id': Scheme(shape=(), dtype=torch.int64)}
         edata_schemes={})
tensor([[ 0.0335, -0.0055, -0.0503,  ...,  0.0776,  0.0182, -0.0118],
        [ 0.0335, -0.0055, -0.0503,  ...,  0.0776,  0.0182, -0.0118],
        [ 0.0335, -0.0055, -0.0503,  ...,  0.0776,  0.0182, -0.0118],
        ...,
        [-0.0588, -0.0722,  0.0122,  ...,  0.0188,  0.1097, -0.0495],
        [-0.0588, -0.0722,  0.0122,  ...,  0.0188,  0.1097, -0.0495],
        [-0.0588, -0.0722,  0.0122,  ...,  0.0188,  0.1097, -0.0495]],
       device='cuda:0')
DGLGraph(num_nodes=17686, num_edges=31276,
         ndata_schemes={'pos': Scheme(shape=(), dtype=torch.int64), 'x': Scheme(shape=(250,), dtype=torch.float32), '_id': Scheme(shape=(), dtype=torch.int64)}
         edata_schemes={})
tensor([[-0.0175, -0.0718, -0.0835,  ...,  0.0998,  0.0412,  0.0871],
        [-0.0175, -0.0718, -0.0835,  ...,  0.0998,  0.0412,  0.0871],
        [-0.0175, -0.0718, -0.0835,  ...,  0.0998,  0.0412,  0.0871],
        ...,
        [ 0.0287, -0.0579, -0.0394,  ...,  0.0427,  0.0449,  0.0050],
        [ 0.0287, -0.0579, -0.0394,  ...,  0.0427,  0.0449,  0.0050],
        [ 0.0287, -0.0579, -0.0394,  ...,  0.0427,  0.0449,  0.0050]],
       device='cuda:0')
DGLGraph(num_nodes=17563, num_edges=31030,
         ndata_schemes={'pos': Scheme(shape=(), dtype=torch.int64), 'x': Scheme(shape=(250,), dtype=torch.float32), '_id': Scheme(shape=(), dtype=torch.int64)}
         edata_schemes={})
tensor([[-0.0060, -0.0174, -0.0484,  ...,  0.0181,  0.0643,  0.0157],
        [-0.0060, -0.0174, -0.0484,  ...,  0.0181,  0.0643,  0.0157],
        [-0.0060, -0.0174, -0.0484,  ...,  0.0181,  0.0643,  0.0157],
        ...,
        [-0.1115, -0.0851, -0.0179,  ...,  0.0439,  0.0738, -0.0666],
        [-0.1115, -0.0851, -0.0179,  ...,  0.0439,  0.0738, -0.0666],
        [-0.1115, -0.0851, -0.0179,  ...,  0.0439,  0.0738, -0.0666]],
       device='cuda:0')
DGLGraph(num_nodes=17965, num_edges=31834,
         ndata_schemes={'pos': Scheme(shape=(), dtype=torch.int64), 'x': Scheme(shape=(250,), dtype=torch.float32), '_id': Scheme(shape=(), dtype=torch.int64)}
         edata_schemes={})
tensor([[ 0.0554, -0.1297, -0.0339,  ...,  0.0348,  0.0644, -0.0455],
        [ 0.0554, -0.1297, -0.0339,  ...,  0.0348,  0.0644, -0.0455],
        [ 0.0554, -0.1297, -0.0339,  ...,  0.0348,  0.0644, -0.0455],
        ...,
        [ 0.0608, -0.0256,  0.0505,  ...,  0.0424,  0.1158,  0.0126],
        [ 0.0608, -0.0256,  0.0505,  ...,  0.0424,  0.1158,  0.0126],
        [ 0.0608, -0.0256,  0.0505,  ...,  0.0424,  0.1158,  0.0126]],
       device='cuda:0')
DGLGraph(num_nodes=18100, num_edges=32104,
         ndata_schemes={'pos': Scheme(shape=(), dtype=torch.int64), 'x': Scheme(shape=(250,), dtype=torch.float32), '_id': Scheme(shape=(), dtype=torch.int64)}
         edata_schemes={})
tensor([[ 0.0277, -0.1600, -0.0297,  ...,  0.0231,  0.1713,  0.0145],
        [ 0.0277, -0.1600, -0.0297,  ...,  0.0231,  0.1713,  0.0145],
        [ 0.0277, -0.1600, -0.0297,  ...,  0.0231,  0.1713,  0.0145],
        ...,
        [ 0.0791, -0.0636,  0.0553,  ...,  0.0179,  0.0922, -0.0393],
        [ 0.0791, -0.0636,  0.0553,  ...,  0.0179,  0.0922, -0.0393],
        [ 0.0791, -0.0636,  0.0553,  ...,  0.0179,  0.0922, -0.0393]],
       device='cuda:0')
DGLGraph(num_nodes=17867, num_edges=31638,
         ndata_schemes={'pos': Scheme(shape=(), dtype=torch.int64), 'x': Scheme(shape=(250,), dtype=torch.float32), '_id': Scheme(shape=(), dtype=torch.int64)}
         edata_schemes={})
tensor([[ 0.0433, -0.1526, -0.0485,  ...,  0.0289,  0.0753, -0.0229],
        [ 0.0433, -0.1526, -0.0485,  ...,  0.0289,  0.0753, -0.0229],
        [ 0.0433, -0.1526, -0.0485,  ...,  0.0289,  0.0753, -0.0229],
        ...,
        [ 0.0390, -0.0743,  0.0363,  ...,  0.0135,  0.1411, -0.0120],
        [ 0.0390, -0.0743,  0.0363,  ...,  0.0135,  0.1411, -0.0120],
        [ 0.0390, -0.0743,  0.0363,  ...,  0.0135,  0.1411, -0.0120]],
       device='cuda:0')
DGLGraph(num_nodes=18414, num_edges=32732,
         ndata_schemes={'pos': Scheme(shape=(), dtype=torch.int64), 'x': Scheme(shape=(250,), dtype=torch.float32), '_id': Scheme(shape=(), dtype=torch.int64)}
         edata_schemes={})
tensor([[ 0.0326, -0.1077, -0.0667,  ..., -0.0035,  0.1026, -0.0345],
        [ 0.0326, -0.1077, -0.0667,  ..., -0.0035,  0.1026, -0.0345],
        [ 0.0326, -0.1077, -0.0667,  ..., -0.0035,  0.1026, -0.0345],
        ...,
        [ 0.0185, -0.1043, -0.0427,  ...,  0.0039,  0.1723, -0.0085],
        [ 0.0185, -0.1043, -0.0427,  ...,  0.0039,  0.1723, -0.0085],
        [ 0.0185, -0.1043, -0.0427,  ...,  0.0039,  0.1723, -0.0085]],
       device='cuda:0')
DGLGraph(num_nodes=17539, num_edges=30982,
         ndata_schemes={'pos': Scheme(shape=(), dtype=torch.int64), 'x': Scheme(shape=(250,), dtype=torch.float32), '_id': Scheme(shape=(), dtype=torch.int64)}
         edata_schemes={})
tensor([[ 0.0629, -0.1183, -0.0722,  ...,  0.0544,  0.1239,  0.0060],
        [ 0.0629, -0.1183, -0.0722,  ...,  0.0544,  0.1239,  0.0060],
        [ 0.0629, -0.1183, -0.0722,  ...,  0.0544,  0.1239,  0.0060],
        ...,
        [ 0.0470, -0.0380, -0.0638,  ...,  0.0151,  0.0731, -0.0286],
        [ 0.0470, -0.0380, -0.0638,  ...,  0.0151,  0.0731, -0.0286],
        [ 0.0470, -0.0380, -0.0638,  ...,  0.0151,  0.0731, -0.0286]],
       device='cuda:0')
DGLGraph(num_nodes=17665, num_edges=31234,
         ndata_schemes={'pos': Scheme(shape=(), dtype=torch.int64), 'x': Scheme(shape=(250,), dtype=torch.float32), '_id': Scheme(shape=(), dtype=torch.int64)}
         edata_schemes={})
tensor([[ 0.0071, -0.0974, -0.0412,  ...,  0.0485,  0.0695, -0.0337],
        [ 0.0071, -0.0974, -0.0412,  ...,  0.0485,  0.0695, -0.0337],
        [ 0.0071, -0.0974, -0.0412,  ...,  0.0485,  0.0695, -0.0337],
        ...,
        [ 0.0599, -0.0679, -0.0045,  ..., -0.0083,  0.0553,  0.0806],
        [ 0.0599, -0.0679, -0.0045,  ..., -0.0083,  0.0553,  0.0806],
        [ 0.0599, -0.0679, -0.0045,  ..., -0.0083,  0.0553,  0.0806]],
       device='cuda:0')
DGLGraph(num_nodes=17958, num_edges=31820,
         ndata_schemes={'pos': Scheme(shape=(), dtype=torch.int64), 'x': Scheme(shape=(250,), dtype=torch.float32), '_id': Scheme(shape=(), dtype=torch.int64)}
         edata_schemes={})
tensor([[ 0.0023, -0.0607, -0.0095,  ...,  0.0705,  0.0739, -0.0634],
        [ 0.0023, -0.0607, -0.0095,  ...,  0.0705,  0.0739, -0.0634],
        [ 0.0023, -0.0607, -0.0095,  ...,  0.0705,  0.0739, -0.0634],
        ...,
        [ 0.0326, -0.0801, -0.0138,  ...,  0.0175,  0.1154, -0.0458],
        [ 0.0326, -0.0801, -0.0138,  ...,  0.0175,  0.1154, -0.0458],
        [ 0.0326, -0.0801, -0.0138,  ...,  0.0175,  0.1154, -0.0458]],
       device='cuda:0')
DGLGraph(num_nodes=18124, num_edges=32152,
         ndata_schemes={'pos': Scheme(shape=(), dtype=torch.int64), 'x': Scheme(shape=(250,), dtype=torch.float32), '_id': Scheme(shape=(), dtype=torch.int64)}
         edata_schemes={})
tensor([[ 0.1138, -0.1026, -0.0250,  ...,  0.0034,  0.0831, -0.0441],
        [ 0.1138, -0.1026, -0.0250,  ...,  0.0034,  0.0831, -0.0441],
        [ 0.1138, -0.1026, -0.0250,  ...,  0.0034,  0.0831, -0.0441],
        ...,
        [ 0.0090, -0.0539, -0.0314,  ...,  0.0006,  0.0689, -0.0095],
        [ 0.0090, -0.0539, -0.0314,  ...,  0.0006,  0.0689, -0.0095],
        [ 0.0090, -0.0539, -0.0314,  ...,  0.0006,  0.0689, -0.0095]],
       device='cuda:0')
DGLGraph(num_nodes=18012, num_edges=31928,
         ndata_schemes={'pos': Scheme(shape=(), dtype=torch.int64), 'x': Scheme(shape=(250,), dtype=torch.float32), '_id': Scheme(shape=(), dtype=torch.int64)}
         edata_schemes={})
tensor([[ 0.0663, -0.1324, -0.0082,  ...,  0.0788,  0.1312,  0.0388],
        [ 0.0663, -0.1324, -0.0082,  ...,  0.0788,  0.1312,  0.0388],
        [ 0.0663, -0.1324, -0.0082,  ...,  0.0788,  0.1312,  0.0388],
        ...,
        [-0.0490, -0.0187,  0.0027,  ...,  0.0291,  0.1440, -0.0452],
        [-0.0490, -0.0187,  0.0027,  ...,  0.0291,  0.1440, -0.0452],
        [-0.0490, -0.0187,  0.0027,  ...,  0.0291,  0.1440, -0.0452]],
       device='cuda:0')
DGLGraph(num_nodes=18424, num_edges=32752,
         ndata_schemes={'pos': Scheme(shape=(), dtype=torch.int64), 'x': Scheme(shape=(250,), dtype=torch.float32), '_id': Scheme(shape=(), dtype=torch.int64)}
         edata_schemes={})
tensor([[-0.0083, -0.0365, -0.1015,  ..., -0.0534, -0.0137,  0.0730],
        [-0.0083, -0.0365, -0.1015,  ..., -0.0534, -0.0137,  0.0730],
        [-0.0083, -0.0365, -0.1015,  ..., -0.0534, -0.0137,  0.0730],
        ...,
        [-0.0497, -0.1186, -0.0586,  ...,  0.0870,  0.0839,  0.0009],
        [-0.0497, -0.1186, -0.0586,  ...,  0.0870,  0.0839,  0.0009],
        [-0.0497, -0.1186, -0.0586,  ...,  0.0870,  0.0839,  0.0009]],
       device='cuda:0')
DGLGraph(num_nodes=18133, num_edges=32170,
         ndata_schemes={'pos': Scheme(shape=(), dtype=torch.int64), 'x': Scheme(shape=(250,), dtype=torch.float32), '_id': Scheme(shape=(), dtype=torch.int64)}
         edata_schemes={})
tensor([[-0.0234,  0.0740, -0.0385,  ...,  0.0480,  0.0425,  0.0523],
        [-0.0234,  0.0740, -0.0385,  ...,  0.0480,  0.0425,  0.0523],
        [-0.0234,  0.0740, -0.0385,  ...,  0.0480,  0.0425,  0.0523],
        ...,
        [-0.0561, -0.0965,  0.0359,  ...,  0.0738,  0.0292, -0.0176],
        [-0.0561, -0.0965,  0.0359,  ...,  0.0738,  0.0292, -0.0176],
        [-0.0561, -0.0965,  0.0359,  ...,  0.0738,  0.0292, -0.0176]],
       device='cuda:0')
DGLGraph(num_nodes=17400, num_edges=30704,
         ndata_schemes={'pos': Scheme(shape=(), dtype=torch.int64), 'x': Scheme(shape=(250,), dtype=torch.float32), '_id': Scheme(shape=(), dtype=torch.int64)}
         edata_schemes={})
tensor([[ 0.0287, -0.1030, -0.0475,  ...,  0.0128,  0.0883, -0.0022],
        [ 0.0287, -0.1030, -0.0475,  ...,  0.0128,  0.0883, -0.0022],
        [ 0.0287, -0.1030, -0.0475,  ...,  0.0128,  0.0883, -0.0022],
        ...,
        [ 0.0909, -0.1166, -0.1004,  ..., -0.0192,  0.0567, -0.0475],
        [ 0.0909, -0.1166, -0.1004,  ..., -0.0192,  0.0567, -0.0475],
        [ 0.0909, -0.1166, -0.1004,  ..., -0.0192,  0.0567, -0.0475]],
       device='cuda:0')
DGLGraph(num_nodes=18794, num_edges=33492,
         ndata_schemes={'pos': Scheme(shape=(), dtype=torch.int64), 'x': Scheme(shape=(250,), dtype=torch.float32), '_id': Scheme(shape=(), dtype=torch.int64)}
         edata_schemes={})
tensor([[ 0.0876, -0.0988, -0.0261,  ...,  0.0482,  0.0853,  0.0117],
        [ 0.0876, -0.0988, -0.0261,  ...,  0.0482,  0.0853,  0.0117],
        [ 0.0876, -0.0988, -0.0261,  ...,  0.0482,  0.0853,  0.0117],
        ...,
        [ 0.0306, -0.1199, -0.0103,  ..., -0.0478,  0.0857, -0.0297],
        [ 0.0306, -0.1199, -0.0103,  ..., -0.0478,  0.0857, -0.0297],
        [ 0.0306, -0.1199, -0.0103,  ..., -0.0478,  0.0857, -0.0297]],
       device='cuda:0')
DGLGraph(num_nodes=17732, num_edges=31368,
         ndata_schemes={'pos': Scheme(shape=(), dtype=torch.int64), 'x': Scheme(shape=(250,), dtype=torch.float32), '_id': Scheme(shape=(), dtype=torch.int64)}
         edata_schemes={})
tensor([[ 0.0865, -0.0963, -0.0340,  ...,  0.0401,  0.1210, -0.0148],
        [ 0.0865, -0.0963, -0.0340,  ...,  0.0401,  0.1210, -0.0148],
        [ 0.0865, -0.0963, -0.0340,  ...,  0.0401,  0.1210, -0.0148],
        ...,
        [-0.0087,  0.0028, -0.1063,  ...,  0.0173, -0.0562, -0.0028],
        [-0.0087,  0.0028, -0.1063,  ...,  0.0173, -0.0562, -0.0028],
        [-0.0087,  0.0028, -0.1063,  ...,  0.0173, -0.0562, -0.0028]],
       device='cuda:0')
DGLGraph(num_nodes=17826, num_edges=31556,
         ndata_schemes={'pos': Scheme(shape=(), dtype=torch.int64), 'x': Scheme(shape=(250,), dtype=torch.float32), '_id': Scheme(shape=(), dtype=torch.int64)}
         edata_schemes={})
tensor([[-0.0110, -0.0564, -0.0324,  ...,  0.0245,  0.1103, -0.0393],
        [-0.0110, -0.0564, -0.0324,  ...,  0.0245,  0.1103, -0.0393],
        [-0.0110, -0.0564, -0.0324,  ...,  0.0245,  0.1103, -0.0393],
        ...,
        [ 0.0351, -0.1196, -0.0724,  ...,  0.0493,  0.1151,  0.0123],
        [ 0.0351, -0.1196, -0.0724,  ...,  0.0493,  0.1151,  0.0123],
        [ 0.0351, -0.1196, -0.0724,  ...,  0.0493,  0.1151,  0.0123]],
       device='cuda:0')
DGLGraph(num_nodes=17999, num_edges=31902,
         ndata_schemes={'pos': Scheme(shape=(), dtype=torch.int64), 'x': Scheme(shape=(250,), dtype=torch.float32), '_id': Scheme(shape=(), dtype=torch.int64)}
         edata_schemes={})
tensor([[ 7.1247e-02, -9.1963e-02,  3.0121e-03,  ...,  1.0543e-02,
          2.9840e-02,  2.7585e-02],
        [ 7.1247e-02, -9.1963e-02,  3.0121e-03,  ...,  1.0543e-02,
          2.9840e-02,  2.7585e-02],
        [ 7.1247e-02, -9.1963e-02,  3.0121e-03,  ...,  1.0543e-02,
          2.9840e-02,  2.7585e-02],
        ...,
        [ 3.4909e-02, -9.0571e-02, -1.8372e-05,  ..., -2.8847e-02,
          5.4846e-02,  3.9580e-02],
        [ 3.4909e-02, -9.0571e-02, -1.8372e-05,  ..., -2.8847e-02,
          5.4846e-02,  3.9580e-02],
        [ 3.4909e-02, -9.0571e-02, -1.8372e-05,  ..., -2.8847e-02,
          5.4846e-02,  3.9580e-02]], device='cuda:0')
DGLGraph(num_nodes=17640, num_edges=31184,
         ndata_schemes={'pos': Scheme(shape=(), dtype=torch.int64), 'x': Scheme(shape=(250,), dtype=torch.float32), '_id': Scheme(shape=(), dtype=torch.int64)}
         edata_schemes={})
tensor([[ 0.0124, -0.0388, -0.0192,  ...,  0.0812,  0.0547, -0.0091],
        [ 0.0124, -0.0388, -0.0192,  ...,  0.0812,  0.0547, -0.0091],
        [ 0.0124, -0.0388, -0.0192,  ...,  0.0812,  0.0547, -0.0091],
        ...,
        [ 0.0165, -0.0395, -0.1305,  ..., -0.0922,  0.0392,  0.0337],
        [ 0.0165, -0.0395, -0.1305,  ..., -0.0922,  0.0392,  0.0337],
        [ 0.0165, -0.0395, -0.1305,  ..., -0.0922,  0.0392,  0.0337]],
       device='cuda:0')
DGLGraph(num_nodes=18333, num_edges=32570,
         ndata_schemes={'pos': Scheme(shape=(), dtype=torch.int64), 'x': Scheme(shape=(250,), dtype=torch.float32), '_id': Scheme(shape=(), dtype=torch.int64)}
         edata_schemes={})
tensor([[-0.0095, -0.0713, -0.0639,  ...,  0.0126,  0.0608, -0.0071],
        [-0.0095, -0.0713, -0.0639,  ...,  0.0126,  0.0608, -0.0071],
        [-0.0095, -0.0713, -0.0639,  ...,  0.0126,  0.0608, -0.0071],
        ...,
        [-0.0372, -0.0581, -0.0850,  ...,  0.0365,  0.0250, -0.0215],
        [-0.0372, -0.0581, -0.0850,  ...,  0.0365,  0.0250, -0.0215],
        [-0.0372, -0.0581, -0.0850,  ...,  0.0365,  0.0250, -0.0215]],
       device='cuda:0')
DGLGraph(num_nodes=18132, num_edges=32168,
         ndata_schemes={'pos': Scheme(shape=(), dtype=torch.int64), 'x': Scheme(shape=(250,), dtype=torch.float32), '_id': Scheme(shape=(), dtype=torch.int64)}
         edata_schemes={})
tensor([[ 0.0424, -0.0821, -0.0567,  ...,  0.0067,  0.1051,  0.0043],
        [ 0.0424, -0.0821, -0.0567,  ...,  0.0067,  0.1051,  0.0043],
        [ 0.0424, -0.0821, -0.0567,  ...,  0.0067,  0.1051,  0.0043],
        ...,
        [ 0.0807, -0.1058, -0.0006,  ...,  0.0669,  0.1322,  0.0148],
        [ 0.0807, -0.1058, -0.0006,  ...,  0.0669,  0.1322,  0.0148],
        [ 0.0807, -0.1058, -0.0006,  ...,  0.0669,  0.1322,  0.0148]],
       device='cuda:0')
DGLGraph(num_nodes=18727, num_edges=33358,
         ndata_schemes={'pos': Scheme(shape=(), dtype=torch.int64), 'x': Scheme(shape=(250,), dtype=torch.float32), '_id': Scheme(shape=(), dtype=torch.int64)}
         edata_schemes={})
tensor([[ 0.1175, -0.1346, -0.0322,  ...,  0.0194,  0.0518, -0.0412],
        [ 0.1175, -0.1346, -0.0322,  ...,  0.0194,  0.0518, -0.0412],
        [ 0.1175, -0.1346, -0.0322,  ...,  0.0194,  0.0518, -0.0412],
        ...,
        [-0.0053, -0.0573, -0.1079,  ...,  0.0475,  0.1055, -0.0141],
        [-0.0053, -0.0573, -0.1079,  ...,  0.0475,  0.1055, -0.0141],
        [-0.0053, -0.0573, -0.1079,  ...,  0.0475,  0.1055, -0.0141]],
       device='cuda:0')
DGLGraph(num_nodes=18143, num_edges=32190,
         ndata_schemes={'pos': Scheme(shape=(), dtype=torch.int64), 'x': Scheme(shape=(250,), dtype=torch.float32), '_id': Scheme(shape=(), dtype=torch.int64)}
         edata_schemes={})
tensor([[ 0.0208, -0.0853, -0.0833,  ...,  0.0342,  0.0656,  0.0022],
        [ 0.0208, -0.0853, -0.0833,  ...,  0.0342,  0.0656,  0.0022],
        [ 0.0208, -0.0853, -0.0833,  ...,  0.0342,  0.0656,  0.0022],
        ...,
        [ 0.0855, -0.0616, -0.0599,  ..., -0.0158,  0.0943, -0.0150],
        [ 0.0855, -0.0616, -0.0599,  ..., -0.0158,  0.0943, -0.0150],
        [ 0.0855, -0.0616, -0.0599,  ..., -0.0158,  0.0943, -0.0150]],
       device='cuda:0')
DGLGraph(num_nodes=18432, num_edges=32768,
         ndata_schemes={'pos': Scheme(shape=(), dtype=torch.int64), 'x': Scheme(shape=(250,), dtype=torch.float32), '_id': Scheme(shape=(), dtype=torch.int64)}
         edata_schemes={})
tensor([[-0.0401, -0.1315, -0.0304,  ...,  0.1259,  0.0826, -0.0424],
        [-0.0401, -0.1315, -0.0304,  ...,  0.1259,  0.0826, -0.0424],
        [-0.0401, -0.1315, -0.0304,  ...,  0.1259,  0.0826, -0.0424],
        ...,
        [ 0.0497, -0.1052,  0.0046,  ..., -0.0803,  0.0907, -0.0231],
        [ 0.0497, -0.1052,  0.0046,  ..., -0.0803,  0.0907, -0.0231],
        [ 0.0497, -0.1052,  0.0046,  ..., -0.0803,  0.0907, -0.0231]],
       device='cuda:0')
DGLGraph(num_nodes=18748, num_edges=33400,
         ndata_schemes={'pos': Scheme(shape=(), dtype=torch.int64), 'x': Scheme(shape=(250,), dtype=torch.float32), '_id': Scheme(shape=(), dtype=torch.int64)}
         edata_schemes={})
tensor([[ 0.0329, -0.0827, -0.0594,  ...,  0.0537,  0.1274, -0.0205],
        [ 0.0329, -0.0827, -0.0594,  ...,  0.0537,  0.1274, -0.0205],
        [ 0.0329, -0.0827, -0.0594,  ...,  0.0537,  0.1274, -0.0205],
        ...,
        [ 0.0371, -0.0931,  0.0122,  ...,  0.0298,  0.0810,  0.0268],
        [ 0.0371, -0.0931,  0.0122,  ...,  0.0298,  0.0810,  0.0268],
        [ 0.0371, -0.0931,  0.0122,  ...,  0.0298,  0.0810,  0.0268]],
       device='cuda:0')
DGLGraph(num_nodes=18148, num_edges=32200,
         ndata_schemes={'pos': Scheme(shape=(), dtype=torch.int64), 'x': Scheme(shape=(250,), dtype=torch.float32), '_id': Scheme(shape=(), dtype=torch.int64)}
         edata_schemes={})
tensor([[ 0.0004,  0.0725, -0.0598,  ...,  0.0725,  0.0134,  0.0017],
        [ 0.0004,  0.0725, -0.0598,  ...,  0.0725,  0.0134,  0.0017],
        [ 0.0004,  0.0725, -0.0598,  ...,  0.0725,  0.0134,  0.0017],
        ...,
        [ 0.0340, -0.1288, -0.0431,  ...,  0.0306,  0.1319, -0.0574],
        [ 0.0340, -0.1288, -0.0431,  ...,  0.0306,  0.1319, -0.0574],
        [ 0.0340, -0.1288, -0.0431,  ...,  0.0306,  0.1319, -0.0574]],
       device='cuda:0')
DGLGraph(num_nodes=18578, num_edges=33060,
         ndata_schemes={'pos': Scheme(shape=(), dtype=torch.int64), 'x': Scheme(shape=(250,), dtype=torch.float32), '_id': Scheme(shape=(), dtype=torch.int64)}
         edata_schemes={})
tensor([[ 0.0944, -0.0831,  0.0670,  ...,  0.0390,  0.0470,  0.0440],
        [ 0.0944, -0.0831,  0.0670,  ...,  0.0390,  0.0470,  0.0440],
        [ 0.0944, -0.0831,  0.0670,  ...,  0.0390,  0.0470,  0.0440],
        ...,
        [-0.0059,  0.0318, -0.0734,  ...,  0.0165,  0.0370, -0.0131],
        [-0.0059,  0.0318, -0.0734,  ...,  0.0165,  0.0370, -0.0131],
        [-0.0059,  0.0318, -0.0734,  ...,  0.0165,  0.0370, -0.0131]],
       device='cuda:0')
DGLGraph(num_nodes=18061, num_edges=32026,
         ndata_schemes={'pos': Scheme(shape=(), dtype=torch.int64), 'x': Scheme(shape=(250,), dtype=torch.float32), '_id': Scheme(shape=(), dtype=torch.int64)}
         edata_schemes={})
tensor([[-0.0416, -0.0191,  0.0041,  ..., -0.0526, -0.0417, -0.0497],
        [-0.0416, -0.0191,  0.0041,  ..., -0.0526, -0.0417, -0.0497],
        [-0.0416, -0.0191,  0.0041,  ..., -0.0526, -0.0417, -0.0497],
        ...,
        [ 0.0321, -0.1324, -0.0404,  ...,  0.0358,  0.0921, -0.0046],
        [ 0.0321, -0.1324, -0.0404,  ...,  0.0358,  0.0921, -0.0046],
        [ 0.0321, -0.1324, -0.0404,  ...,  0.0358,  0.0921, -0.0046]],
       device='cuda:0')
DGLGraph(num_nodes=17758, num_edges=31420,
         ndata_schemes={'pos': Scheme(shape=(), dtype=torch.int64), 'x': Scheme(shape=(250,), dtype=torch.float32), '_id': Scheme(shape=(), dtype=torch.int64)}
         edata_schemes={})
tensor([[ 0.0026, -0.0908, -0.0550,  ...,  0.0084,  0.0971, -0.0277],
        [ 0.0026, -0.0908, -0.0550,  ...,  0.0084,  0.0971, -0.0277],
        [ 0.0026, -0.0908, -0.0550,  ...,  0.0084,  0.0971, -0.0277],
        ...,
        [ 0.0694, -0.1313, -0.0302,  ...,  0.0210,  0.1507, -0.0338],
        [ 0.0694, -0.1313, -0.0302,  ...,  0.0210,  0.1507, -0.0338],
        [ 0.0694, -0.1313, -0.0302,  ...,  0.0210,  0.1507, -0.0338]],
       device='cuda:0')
DGLGraph(num_nodes=18444, num_edges=32792,
         ndata_schemes={'pos': Scheme(shape=(), dtype=torch.int64), 'x': Scheme(shape=(250,), dtype=torch.float32), '_id': Scheme(shape=(), dtype=torch.int64)}
         edata_schemes={})
tensor([[ 0.0371, -0.0886, -0.0034,  ...,  0.0439,  0.0680, -0.0037],
        [ 0.0371, -0.0886, -0.0034,  ...,  0.0439,  0.0680, -0.0037],
        [ 0.0371, -0.0886, -0.0034,  ...,  0.0439,  0.0680, -0.0037],
        ...,
        [ 0.0384, -0.1563, -0.0605,  ...,  0.0396,  0.1069, -0.0952],
        [ 0.0384, -0.1563, -0.0605,  ...,  0.0396,  0.1069, -0.0952],
        [ 0.0384, -0.1563, -0.0605,  ...,  0.0396,  0.1069, -0.0952]],
       device='cuda:0')
DGLGraph(num_nodes=18054, num_edges=32012,
         ndata_schemes={'pos': Scheme(shape=(), dtype=torch.int64), 'x': Scheme(shape=(250,), dtype=torch.float32), '_id': Scheme(shape=(), dtype=torch.int64)}
         edata_schemes={})
tensor([[ 0.0669, -0.1016,  0.0353,  ..., -0.0404,  0.1203,  0.0047],
        [ 0.0669, -0.1016,  0.0353,  ..., -0.0404,  0.1203,  0.0047],
        [ 0.0669, -0.1016,  0.0353,  ..., -0.0404,  0.1203,  0.0047],
        ...,
        [-0.0044,  0.0249,  0.0064,  ..., -0.0357,  0.1039, -0.0567],
        [-0.0044,  0.0249,  0.0064,  ..., -0.0357,  0.1039, -0.0567],
        [-0.0044,  0.0249,  0.0064,  ..., -0.0357,  0.1039, -0.0567]],
       device='cuda:0')
DGLGraph(num_nodes=18029, num_edges=31962,
         ndata_schemes={'pos': Scheme(shape=(), dtype=torch.int64), 'x': Scheme(shape=(250,), dtype=torch.float32), '_id': Scheme(shape=(), dtype=torch.int64)}
         edata_schemes={})
tensor([[-0.0794, -0.1610, -0.0177,  ...,  0.0646,  0.0724, -0.0059],
        [-0.0794, -0.1610, -0.0177,  ...,  0.0646,  0.0724, -0.0059],
        [-0.0794, -0.1610, -0.0177,  ...,  0.0646,  0.0724, -0.0059],
        ...,
        [ 0.0622, -0.1381, -0.0154,  ...,  0.0287,  0.0983, -0.0509],
        [ 0.0622, -0.1381, -0.0154,  ...,  0.0287,  0.0983, -0.0509],
        [ 0.0622, -0.1381, -0.0154,  ...,  0.0287,  0.0983, -0.0509]],
       device='cuda:0')
DGLGraph(num_nodes=18022, num_edges=31948,
         ndata_schemes={'pos': Scheme(shape=(), dtype=torch.int64), 'x': Scheme(shape=(250,), dtype=torch.float32), '_id': Scheme(shape=(), dtype=torch.int64)}
         edata_schemes={})
tensor([[ 5.4857e-02, -1.1568e-04,  5.3472e-03,  ..., -3.5768e-03,
          6.0907e-02, -8.5703e-03],
        [ 5.4857e-02, -1.1568e-04,  5.3472e-03,  ..., -3.5768e-03,
          6.0907e-02, -8.5703e-03],
        [ 5.4857e-02, -1.1568e-04,  5.3472e-03,  ..., -3.5768e-03,
          6.0907e-02, -8.5703e-03],
        ...,
        [ 2.1954e-02, -1.3680e-01,  1.5517e-02,  ...,  6.5375e-02,
          1.8608e-01, -1.8446e-02],
        [ 2.1954e-02, -1.3680e-01,  1.5517e-02,  ...,  6.5375e-02,
          1.8608e-01, -1.8446e-02],
        [ 2.1954e-02, -1.3680e-01,  1.5517e-02,  ...,  6.5375e-02,
          1.8608e-01, -1.8446e-02]], device='cuda:0')
DGLGraph(num_nodes=17309, num_edges=30522,
         ndata_schemes={'pos': Scheme(shape=(), dtype=torch.int64), 'x': Scheme(shape=(250,), dtype=torch.float32), '_id': Scheme(shape=(), dtype=torch.int64)}
         edata_schemes={})
tensor([[ 0.0273, -0.0681, -0.0652,  ...,  0.0935,  0.0626,  0.0369],
        [ 0.0273, -0.0681, -0.0652,  ...,  0.0935,  0.0626,  0.0369],
        [ 0.0273, -0.0681, -0.0652,  ...,  0.0935,  0.0626,  0.0369],
        ...,
        [-0.1297, -0.0093, -0.0091,  ...,  0.0590,  0.0165,  0.0690],
        [-0.1297, -0.0093, -0.0091,  ...,  0.0590,  0.0165,  0.0690],
        [-0.1297, -0.0093, -0.0091,  ...,  0.0590,  0.0165,  0.0690]],
       device='cuda:0')
DGLGraph(num_nodes=17623, num_edges=31150,
         ndata_schemes={'pos': Scheme(shape=(), dtype=torch.int64), 'x': Scheme(shape=(250,), dtype=torch.float32), '_id': Scheme(shape=(), dtype=torch.int64)}
         edata_schemes={})
tensor([[ 0.0121,  0.0270,  0.0301,  ...,  0.0007,  0.0525,  0.0069],
        [ 0.0121,  0.0270,  0.0301,  ...,  0.0007,  0.0525,  0.0069],
        [ 0.0121,  0.0270,  0.0301,  ...,  0.0007,  0.0525,  0.0069],
        ...,
        [ 0.0681, -0.1196,  0.0207,  ..., -0.0140,  0.1279,  0.0121],
        [ 0.0681, -0.1196,  0.0207,  ..., -0.0140,  0.1279,  0.0121],
        [ 0.0681, -0.1196,  0.0207,  ..., -0.0140,  0.1279,  0.0121]],
       device='cuda:0')
DGLGraph(num_nodes=18265, num_edges=32434,
         ndata_schemes={'pos': Scheme(shape=(), dtype=torch.int64), 'x': Scheme(shape=(250,), dtype=torch.float32), '_id': Scheme(shape=(), dtype=torch.int64)}
         edata_schemes={})
tensor([[ 0.0251, -0.0741, -0.0253,  ...,  0.0085,  0.0991, -0.0235],
        [ 0.0251, -0.0741, -0.0253,  ...,  0.0085,  0.0991, -0.0235],
        [ 0.0251, -0.0741, -0.0253,  ...,  0.0085,  0.0991, -0.0235],
        ...,
        [-0.0116, -0.0311, -0.0742,  ...,  0.0270,  0.0756, -0.0755],
        [-0.0116, -0.0311, -0.0742,  ...,  0.0270,  0.0756, -0.0755],
        [-0.0116, -0.0311, -0.0742,  ...,  0.0270,  0.0756, -0.0755]],
       device='cuda:0')
DGLGraph(num_nodes=17614, num_edges=31132,
         ndata_schemes={'pos': Scheme(shape=(), dtype=torch.int64), 'x': Scheme(shape=(250,), dtype=torch.float32), '_id': Scheme(shape=(), dtype=torch.int64)}
         edata_schemes={})
tensor([[ 0.0913, -0.0969, -0.0248,  ...,  0.0547,  0.1312, -0.0641],
        [ 0.0913, -0.0969, -0.0248,  ...,  0.0547,  0.1312, -0.0641],
        [ 0.0913, -0.0969, -0.0248,  ...,  0.0547,  0.1312, -0.0641],
        ...,
        [-0.0428,  0.0715, -0.0135,  ...,  0.0589,  0.0479,  0.0331],
        [-0.0428,  0.0715, -0.0135,  ...,  0.0589,  0.0479,  0.0331],
        [-0.0428,  0.0715, -0.0135,  ...,  0.0589,  0.0479,  0.0331]],
       device='cuda:0')
DGLGraph(num_nodes=17784, num_edges=31472,
         ndata_schemes={'pos': Scheme(shape=(), dtype=torch.int64), 'x': Scheme(shape=(250,), dtype=torch.float32), '_id': Scheme(shape=(), dtype=torch.int64)}
         edata_schemes={})
tensor([[ 0.0646, -0.1260, -0.1036,  ...,  0.0720,  0.1082, -0.0331],
        [ 0.0646, -0.1260, -0.1036,  ...,  0.0720,  0.1082, -0.0331],
        [ 0.0646, -0.1260, -0.1036,  ...,  0.0720,  0.1082, -0.0331],
        ...,
        [-0.0117, -0.0316,  0.0184,  ...,  0.0341,  0.1199,  0.0507],
        [-0.0117, -0.0316,  0.0184,  ...,  0.0341,  0.1199,  0.0507],
        [-0.0117, -0.0316,  0.0184,  ...,  0.0341,  0.1199,  0.0507]],
       device='cuda:0')
DGLGraph(num_nodes=18230, num_edges=32364,
         ndata_schemes={'pos': Scheme(shape=(), dtype=torch.int64), 'x': Scheme(shape=(250,), dtype=torch.float32), '_id': Scheme(shape=(), dtype=torch.int64)}
         edata_schemes={})
tensor([[ 0.0038,  0.0219, -0.0136,  ...,  0.0789,  0.0651,  0.0310],
        [ 0.0038,  0.0219, -0.0136,  ...,  0.0789,  0.0651,  0.0310],
        [ 0.0038,  0.0219, -0.0136,  ...,  0.0789,  0.0651,  0.0310],
        ...,
        [-0.0162, -0.0457, -0.0587,  ...,  0.0538,  0.0828, -0.0738],
        [-0.0162, -0.0457, -0.0587,  ...,  0.0538,  0.0828, -0.0738],
        [-0.0162, -0.0457, -0.0587,  ...,  0.0538,  0.0828, -0.0738]],
       device='cuda:0')
DGLGraph(num_nodes=18474, num_edges=32852,
         ndata_schemes={'pos': Scheme(shape=(), dtype=torch.int64), 'x': Scheme(shape=(250,), dtype=torch.float32), '_id': Scheme(shape=(), dtype=torch.int64)}
         edata_schemes={})
tensor([[-0.0335, -0.0606, -0.0221,  ...,  0.0995,  0.0983, -0.0566],
        [-0.0335, -0.0606, -0.0221,  ...,  0.0995,  0.0983, -0.0566],
        [-0.0335, -0.0606, -0.0221,  ...,  0.0995,  0.0983, -0.0566],
        ...,
        [ 0.0525, -0.0715, -0.0536,  ...,  0.0432,  0.0522, -0.0190],
        [ 0.0525, -0.0715, -0.0536,  ...,  0.0432,  0.0522, -0.0190],
        [ 0.0525, -0.0715, -0.0536,  ...,  0.0432,  0.0522, -0.0190]],
       device='cuda:0')
DGLGraph(num_nodes=18232, num_edges=32368,
         ndata_schemes={'pos': Scheme(shape=(), dtype=torch.int64), 'x': Scheme(shape=(250,), dtype=torch.float32), '_id': Scheme(shape=(), dtype=torch.int64)}
         edata_schemes={})
tensor([[ 1.5893e-02, -8.5688e-02, -4.0945e-02,  ..., -2.8427e-03,
          6.8710e-02, -3.6617e-02],
        [ 1.5893e-02, -8.5688e-02, -4.0945e-02,  ..., -2.8427e-03,
          6.8710e-02, -3.6617e-02],
        [ 1.5893e-02, -8.5688e-02, -4.0945e-02,  ..., -2.8427e-03,
          6.8710e-02, -3.6617e-02],
        ...,
        [ 9.1992e-02, -1.2489e-01, -4.5654e-02,  ...,  4.3186e-02,
          8.9558e-02, -1.2156e-04],
        [ 9.1992e-02, -1.2489e-01, -4.5654e-02,  ...,  4.3186e-02,
          8.9558e-02, -1.2156e-04],
        [ 9.1992e-02, -1.2489e-01, -4.5654e-02,  ...,  4.3186e-02,
          8.9558e-02, -1.2156e-04]], device='cuda:0')
DGLGraph(num_nodes=18132, num_edges=32168,
         ndata_schemes={'pos': Scheme(shape=(), dtype=torch.int64), 'x': Scheme(shape=(250,), dtype=torch.float32), '_id': Scheme(shape=(), dtype=torch.int64)}
         edata_schemes={})
tensor([[ 0.0511, -0.0897, -0.0121,  ..., -0.0135,  0.0787, -0.0295],
        [ 0.0511, -0.0897, -0.0121,  ..., -0.0135,  0.0787, -0.0295],
        [ 0.0511, -0.0897, -0.0121,  ..., -0.0135,  0.0787, -0.0295],
        ...,
        [ 0.0390, -0.0868, -0.0840,  ...,  0.1100,  0.0412, -0.0579],
        [ 0.0390, -0.0868, -0.0840,  ...,  0.1100,  0.0412, -0.0579],
        [ 0.0390, -0.0868, -0.0840,  ...,  0.1100,  0.0412, -0.0579]],
       device='cuda:0')
DGLGraph(num_nodes=17646, num_edges=31196,
         ndata_schemes={'pos': Scheme(shape=(), dtype=torch.int64), 'x': Scheme(shape=(250,), dtype=torch.float32), '_id': Scheme(shape=(), dtype=torch.int64)}
         edata_schemes={})
tensor([[-0.1574, -0.0525, -0.0473,  ...,  0.0797,  0.0615, -0.1110],
        [-0.1574, -0.0525, -0.0473,  ...,  0.0797,  0.0615, -0.1110],
        [-0.1574, -0.0525, -0.0473,  ...,  0.0797,  0.0615, -0.1110],
        ...,
        [ 0.0080, -0.0369, -0.0688,  ...,  0.0456,  0.0346, -0.0360],
        [ 0.0080, -0.0369, -0.0688,  ...,  0.0456,  0.0346, -0.0360],
        [ 0.0080, -0.0369, -0.0688,  ...,  0.0456,  0.0346, -0.0360]],
       device='cuda:0')
DGLGraph(num_nodes=17394, num_edges=30692,
         ndata_schemes={'pos': Scheme(shape=(), dtype=torch.int64), 'x': Scheme(shape=(250,), dtype=torch.float32), '_id': Scheme(shape=(), dtype=torch.int64)}
         edata_schemes={})
tensor([[ 0.0124, -0.1750, -0.0527,  ...,  0.0306,  0.1032, -0.1004],
        [ 0.0124, -0.1750, -0.0527,  ...,  0.0306,  0.1032, -0.1004],
        [ 0.0124, -0.1750, -0.0527,  ...,  0.0306,  0.1032, -0.1004],
        ...,
        [ 0.0198, -0.1222, -0.0482,  ...,  0.0422, -0.0394, -0.1238],
        [ 0.0198, -0.1222, -0.0482,  ...,  0.0422, -0.0394, -0.1238],
        [ 0.0198, -0.1222, -0.0482,  ...,  0.0422, -0.0394, -0.1238]],
       device='cuda:0')
DGLGraph(num_nodes=18291, num_edges=32486,
         ndata_schemes={'pos': Scheme(shape=(), dtype=torch.int64), 'x': Scheme(shape=(250,), dtype=torch.float32), '_id': Scheme(shape=(), dtype=torch.int64)}
         edata_schemes={})
tensor([[-0.1534,  0.0338,  0.0256,  ..., -0.0083,  0.0298,  0.0533],
        [-0.1534,  0.0338,  0.0256,  ..., -0.0083,  0.0298,  0.0533],
        [-0.1534,  0.0338,  0.0256,  ..., -0.0083,  0.0298,  0.0533],
        ...,
        [ 0.0741, -0.1160, -0.0458,  ...,  0.0228,  0.1411, -0.0411],
        [ 0.0741, -0.1160, -0.0458,  ...,  0.0228,  0.1411, -0.0411],
        [ 0.0741, -0.1160, -0.0458,  ...,  0.0228,  0.1411, -0.0411]],
       device='cuda:0')
DGLGraph(num_nodes=18580, num_edges=33064,
         ndata_schemes={'pos': Scheme(shape=(), dtype=torch.int64), 'x': Scheme(shape=(250,), dtype=torch.float32), '_id': Scheme(shape=(), dtype=torch.int64)}
         edata_schemes={})
tensor([[ 0.0014, -0.1358, -0.0993,  ...,  0.0466,  0.0565,  0.0305],
        [ 0.0014, -0.1358, -0.0993,  ...,  0.0466,  0.0565,  0.0305],
        [ 0.0014, -0.1358, -0.0993,  ...,  0.0466,  0.0565,  0.0305],
        ...,
        [-0.0332, -0.0133, -0.0109,  ..., -0.0067, -0.0415, -0.0304],
        [-0.0332, -0.0133, -0.0109,  ..., -0.0067, -0.0415, -0.0304],
        [-0.0332, -0.0133, -0.0109,  ..., -0.0067, -0.0415, -0.0304]],
       device='cuda:0')
DGLGraph(num_nodes=17459, num_edges=30822,
         ndata_schemes={'pos': Scheme(shape=(), dtype=torch.int64), 'x': Scheme(shape=(250,), dtype=torch.float32), '_id': Scheme(shape=(), dtype=torch.int64)}
         edata_schemes={})
tensor([[ 0.0418, -0.0236, -0.0056,  ...,  0.0694,  0.0445, -0.0037],
        [ 0.0418, -0.0236, -0.0056,  ...,  0.0694,  0.0445, -0.0037],
        [ 0.0418, -0.0236, -0.0056,  ...,  0.0694,  0.0445, -0.0037],
        ...,
        [-0.0019,  0.0369, -0.0678,  ...,  0.0793, -0.0091, -0.0187],
        [-0.0019,  0.0369, -0.0678,  ...,  0.0793, -0.0091, -0.0187],
        [-0.0019,  0.0369, -0.0678,  ...,  0.0793, -0.0091, -0.0187]],
       device='cuda:0')
DGLGraph(num_nodes=18512, num_edges=32928,
         ndata_schemes={'pos': Scheme(shape=(), dtype=torch.int64), 'x': Scheme(shape=(250,), dtype=torch.float32), '_id': Scheme(shape=(), dtype=torch.int64)}
         edata_schemes={})
tensor([[-0.1134,  0.0224, -0.0363,  ..., -0.0636,  0.0069, -0.0458],
        [-0.1134,  0.0224, -0.0363,  ..., -0.0636,  0.0069, -0.0458],
        [-0.1134,  0.0224, -0.0363,  ..., -0.0636,  0.0069, -0.0458],
        ...,
        [ 0.0016, -0.0602, -0.0404,  ...,  0.0453,  0.0834, -0.0417],
        [ 0.0016, -0.0602, -0.0404,  ...,  0.0453,  0.0834, -0.0417],
        [ 0.0016, -0.0602, -0.0404,  ...,  0.0453,  0.0834, -0.0417]],
       device='cuda:0')
DGLGraph(num_nodes=18870, num_edges=33644,
         ndata_schemes={'pos': Scheme(shape=(), dtype=torch.int64), 'x': Scheme(shape=(250,), dtype=torch.float32), '_id': Scheme(shape=(), dtype=torch.int64)}
         edata_schemes={})
tensor([[-0.0206, -0.0712, -0.0702,  ...,  0.0341,  0.0976, -0.0721],
        [-0.0206, -0.0712, -0.0702,  ...,  0.0341,  0.0976, -0.0721],
        [-0.0206, -0.0712, -0.0702,  ...,  0.0341,  0.0976, -0.0721],
        ...,
        [-0.0622, -0.0255,  0.0403,  ...,  0.0971,  0.0726,  0.0116],
        [-0.0622, -0.0255,  0.0403,  ...,  0.0971,  0.0726,  0.0116],
        [-0.0622, -0.0255,  0.0403,  ...,  0.0971,  0.0726,  0.0116]],
       device='cuda:0')
DGLGraph(num_nodes=17507, num_edges=30918,
         ndata_schemes={'pos': Scheme(shape=(), dtype=torch.int64), 'x': Scheme(shape=(250,), dtype=torch.float32), '_id': Scheme(shape=(), dtype=torch.int64)}
         edata_schemes={})
tensor([[ 0.0102, -0.1009, -0.0884,  ...,  0.0490,  0.0754, -0.0120],
        [ 0.0102, -0.1009, -0.0884,  ...,  0.0490,  0.0754, -0.0120],
        [ 0.0102, -0.1009, -0.0884,  ...,  0.0490,  0.0754, -0.0120],
        ...,
        [-0.0966,  0.0521,  0.0042,  ...,  0.1000,  0.0458, -0.0388],
        [-0.0966,  0.0521,  0.0042,  ...,  0.1000,  0.0458, -0.0388],
        [-0.0966,  0.0521,  0.0042,  ...,  0.1000,  0.0458, -0.0388]],
       device='cuda:0')
DGLGraph(num_nodes=18048, num_edges=32000,
         ndata_schemes={'pos': Scheme(shape=(), dtype=torch.int64), 'x': Scheme(shape=(250,), dtype=torch.float32), '_id': Scheme(shape=(), dtype=torch.int64)}
         edata_schemes={})
tensor([[ 0.0076,  0.0535, -0.0541,  ...,  0.0829,  0.0202, -0.0306],
        [ 0.0076,  0.0535, -0.0541,  ...,  0.0829,  0.0202, -0.0306],
        [ 0.0076,  0.0535, -0.0541,  ...,  0.0829,  0.0202, -0.0306],
        ...,
        [ 0.0546, -0.0855, -0.0503,  ...,  0.0435,  0.1179, -0.0057],
        [ 0.0546, -0.0855, -0.0503,  ...,  0.0435,  0.1179, -0.0057],
        [ 0.0546, -0.0855, -0.0503,  ...,  0.0435,  0.1179, -0.0057]],
       device='cuda:0')
DGLGraph(num_nodes=18589, num_edges=33082,
         ndata_schemes={'pos': Scheme(shape=(), dtype=torch.int64), 'x': Scheme(shape=(250,), dtype=torch.float32), '_id': Scheme(shape=(), dtype=torch.int64)}
         edata_schemes={})
tensor([[ 0.0463, -0.1527, -0.0395,  ...,  0.0325,  0.1148, -0.0271],
        [ 0.0463, -0.1527, -0.0395,  ...,  0.0325,  0.1148, -0.0271],
        [ 0.0463, -0.1527, -0.0395,  ...,  0.0325,  0.1148, -0.0271],
        ...,
        [-0.0385, -0.0287, -0.1154,  ...,  0.0401,  0.0697,  0.0008],
        [-0.0385, -0.0287, -0.1154,  ...,  0.0401,  0.0697,  0.0008],
        [-0.0385, -0.0287, -0.1154,  ...,  0.0401,  0.0697,  0.0008]],
       device='cuda:0')
DGLGraph(num_nodes=18051, num_edges=32006,
         ndata_schemes={'pos': Scheme(shape=(), dtype=torch.int64), 'x': Scheme(shape=(250,), dtype=torch.float32), '_id': Scheme(shape=(), dtype=torch.int64)}
         edata_schemes={})
tensor([[-0.0132, -0.1610, -0.0463,  ...,  0.0631,  0.2096, -0.0304],
        [-0.0132, -0.1610, -0.0463,  ...,  0.0631,  0.2096, -0.0304],
        [-0.0132, -0.1610, -0.0463,  ...,  0.0631,  0.2096, -0.0304],
        ...,
        [ 0.0917, -0.1661, -0.0133,  ...,  0.0369,  0.1405, -0.0329],
        [ 0.0917, -0.1661, -0.0133,  ...,  0.0369,  0.1405, -0.0329],
        [ 0.0917, -0.1661, -0.0133,  ...,  0.0369,  0.1405, -0.0329]],
       device='cuda:0')
DGLGraph(num_nodes=18313, num_edges=32530,
         ndata_schemes={'pos': Scheme(shape=(), dtype=torch.int64), 'x': Scheme(shape=(250,), dtype=torch.float32), '_id': Scheme(shape=(), dtype=torch.int64)}
         edata_schemes={})
tensor([[-0.1206, -0.0269,  0.0243,  ...,  0.0093,  0.0128,  0.0258],
        [-0.1206, -0.0269,  0.0243,  ...,  0.0093,  0.0128,  0.0258],
        [-0.1206, -0.0269,  0.0243,  ...,  0.0093,  0.0128,  0.0258],
        ...,
        [-0.0076, -0.0819,  0.0624,  ..., -0.0558,  0.1873, -0.0620],
        [-0.0076, -0.0819,  0.0624,  ..., -0.0558,  0.1873, -0.0620],
        [-0.0076, -0.0819,  0.0624,  ..., -0.0558,  0.1873, -0.0620]],
       device='cuda:0')
DGLGraph(num_nodes=17784, num_edges=31472,
         ndata_schemes={'pos': Scheme(shape=(), dtype=torch.int64), 'x': Scheme(shape=(250,), dtype=torch.float32), '_id': Scheme(shape=(), dtype=torch.int64)}
         edata_schemes={})
tensor([[-0.0008, -0.0655, -0.0578,  ...,  0.0647,  0.0862, -0.0226],
        [-0.0008, -0.0655, -0.0578,  ...,  0.0647,  0.0862, -0.0226],
        [-0.0008, -0.0655, -0.0578,  ...,  0.0647,  0.0862, -0.0226],
        ...,
        [ 0.0529, -0.1150, -0.0414,  ...,  0.0572,  0.1541,  0.0145],
        [ 0.0529, -0.1150, -0.0414,  ...,  0.0572,  0.1541,  0.0145],
        [ 0.0529, -0.1150, -0.0414,  ...,  0.0572,  0.1541,  0.0145]],
       device='cuda:0')
DGLGraph(num_nodes=17999, num_edges=31902,
         ndata_schemes={'pos': Scheme(shape=(), dtype=torch.int64), 'x': Scheme(shape=(250,), dtype=torch.float32), '_id': Scheme(shape=(), dtype=torch.int64)}
         edata_schemes={})
tensor([[ 0.0440, -0.1273,  0.0061,  ...,  0.0014,  0.1395, -0.0319],
        [ 0.0440, -0.1273,  0.0061,  ...,  0.0014,  0.1395, -0.0319],
        [ 0.0440, -0.1273,  0.0061,  ...,  0.0014,  0.1395, -0.0319],
        ...,
        [-0.0225, -0.0409, -0.0559,  ...,  0.0650,  0.0602,  0.0455],
        [-0.0225, -0.0409, -0.0559,  ...,  0.0650,  0.0602,  0.0455],
        [-0.0225, -0.0409, -0.0559,  ...,  0.0650,  0.0602,  0.0455]],
       device='cuda:0')
DGLGraph(num_nodes=17957, num_edges=31818,
         ndata_schemes={'pos': Scheme(shape=(), dtype=torch.int64), 'x': Scheme(shape=(250,), dtype=torch.float32), '_id': Scheme(shape=(), dtype=torch.int64)}
         edata_schemes={})
tensor([[ 0.0643, -0.1403, -0.0929,  ..., -0.0558,  0.0394, -0.0225],
        [ 0.0643, -0.1403, -0.0929,  ..., -0.0558,  0.0394, -0.0225],
        [ 0.0643, -0.1403, -0.0929,  ..., -0.0558,  0.0394, -0.0225],
        ...,
        [ 0.0583, -0.1336, -0.0411,  ...,  0.0618,  0.1307, -0.0539],
        [ 0.0583, -0.1336, -0.0411,  ...,  0.0618,  0.1307, -0.0539],
        [ 0.0583, -0.1336, -0.0411,  ...,  0.0618,  0.1307, -0.0539]],
       device='cuda:0')
DGLGraph(num_nodes=18331, num_edges=32566,
         ndata_schemes={'pos': Scheme(shape=(), dtype=torch.int64), 'x': Scheme(shape=(250,), dtype=torch.float32), '_id': Scheme(shape=(), dtype=torch.int64)}
         edata_schemes={})
tensor([[ 0.0704, -0.0813, -0.0052,  ..., -0.0528,  0.0980, -0.0145],
        [ 0.0704, -0.0813, -0.0052,  ..., -0.0528,  0.0980, -0.0145],
        [ 0.0704, -0.0813, -0.0052,  ..., -0.0528,  0.0980, -0.0145],
        ...,
        [ 0.0221, -0.0751, -0.0173,  ...,  0.0373,  0.0093,  0.0188],
        [ 0.0221, -0.0751, -0.0173,  ...,  0.0373,  0.0093,  0.0188],
        [ 0.0221, -0.0751, -0.0173,  ...,  0.0373,  0.0093,  0.0188]],
       device='cuda:0')
DGLGraph(num_nodes=18203, num_edges=32310,
         ndata_schemes={'pos': Scheme(shape=(), dtype=torch.int64), 'x': Scheme(shape=(250,), dtype=torch.float32), '_id': Scheme(shape=(), dtype=torch.int64)}
         edata_schemes={})
tensor([[ 0.1343,  0.0048, -0.0009,  ..., -0.0768,  0.0479, -0.0374],
        [ 0.1343,  0.0048, -0.0009,  ..., -0.0768,  0.0479, -0.0374],
        [ 0.1343,  0.0048, -0.0009,  ..., -0.0768,  0.0479, -0.0374],
        ...,
        [ 0.0912, -0.0488, -0.0054,  ..., -0.0351,  0.0635,  0.0209],
        [ 0.0912, -0.0488, -0.0054,  ..., -0.0351,  0.0635,  0.0209],
        [ 0.0912, -0.0488, -0.0054,  ..., -0.0351,  0.0635,  0.0209]],
       device='cuda:0')
DGLGraph(num_nodes=18015, num_edges=31934,
         ndata_schemes={'pos': Scheme(shape=(), dtype=torch.int64), 'x': Scheme(shape=(250,), dtype=torch.float32), '_id': Scheme(shape=(), dtype=torch.int64)}
         edata_schemes={})
tensor([[-0.0272, -0.0949, -0.0034,  ...,  0.1171,  0.1047,  0.0166],
        [-0.0272, -0.0949, -0.0034,  ...,  0.1171,  0.1047,  0.0166],
        [-0.0272, -0.0949, -0.0034,  ...,  0.1171,  0.1047,  0.0166],
        ...,
        [ 0.0324, -0.0448, -0.0181,  ...,  0.0958,  0.0708, -0.0102],
        [ 0.0324, -0.0448, -0.0181,  ...,  0.0958,  0.0708, -0.0102],
        [ 0.0324, -0.0448, -0.0181,  ...,  0.0958,  0.0708, -0.0102]],
       device='cuda:0')
DGLGraph(num_nodes=18523, num_edges=32950,
         ndata_schemes={'pos': Scheme(shape=(), dtype=torch.int64), 'x': Scheme(shape=(250,), dtype=torch.float32), '_id': Scheme(shape=(), dtype=torch.int64)}
         edata_schemes={})
tensor([[ 0.0405, -0.0845,  0.0330,  ...,  0.0351,  0.1268, -0.0021],
        [ 0.0405, -0.0845,  0.0330,  ...,  0.0351,  0.1268, -0.0021],
        [ 0.0405, -0.0845,  0.0330,  ...,  0.0351,  0.1268, -0.0021],
        ...,
        [ 0.0318, -0.0872,  0.0145,  ...,  0.0810,  0.0471,  0.0233],
        [ 0.0318, -0.0872,  0.0145,  ...,  0.0810,  0.0471,  0.0233],
        [ 0.0318, -0.0872,  0.0145,  ...,  0.0810,  0.0471,  0.0233]],
       device='cuda:0')
DGLGraph(num_nodes=18574, num_edges=33052,
         ndata_schemes={'pos': Scheme(shape=(), dtype=torch.int64), 'x': Scheme(shape=(250,), dtype=torch.float32), '_id': Scheme(shape=(), dtype=torch.int64)}
         edata_schemes={})
tensor([[ 0.0739, -0.1268, -0.0427,  ...,  0.0500,  0.1282, -0.0136],
        [ 0.0739, -0.1268, -0.0427,  ...,  0.0500,  0.1282, -0.0136],
        [ 0.0739, -0.1268, -0.0427,  ...,  0.0500,  0.1282, -0.0136],
        ...,
        [ 0.0513, -0.0927, -0.0551,  ...,  0.0577,  0.1090,  0.0375],
        [ 0.0513, -0.0927, -0.0551,  ...,  0.0577,  0.1090,  0.0375],
        [ 0.0513, -0.0927, -0.0551,  ...,  0.0577,  0.1090,  0.0375]],
       device='cuda:0')
DGLGraph(num_nodes=18448, num_edges=32800,
         ndata_schemes={'pos': Scheme(shape=(), dtype=torch.int64), 'x': Scheme(shape=(250,), dtype=torch.float32), '_id': Scheme(shape=(), dtype=torch.int64)}
         edata_schemes={})
tensor([[ 0.0420, -0.1085, -0.0460,  ...,  0.0670,  0.0515,  0.0229],
        [ 0.0420, -0.1085, -0.0460,  ...,  0.0670,  0.0515,  0.0229],
        [ 0.0420, -0.1085, -0.0460,  ...,  0.0670,  0.0515,  0.0229],
        ...,
        [ 0.0133, -0.0270, -0.0500,  ...,  0.0745,  0.0744, -0.0250],
        [ 0.0133, -0.0270, -0.0500,  ...,  0.0745,  0.0744, -0.0250],
        [ 0.0133, -0.0270, -0.0500,  ...,  0.0745,  0.0744, -0.0250]],
       device='cuda:0')
DGLGraph(num_nodes=18449, num_edges=32802,
         ndata_schemes={'pos': Scheme(shape=(), dtype=torch.int64), 'x': Scheme(shape=(250,), dtype=torch.float32), '_id': Scheme(shape=(), dtype=torch.int64)}
         edata_schemes={})
tensor([[ 0.0335, -0.0653, -0.0104,  ...,  0.0509,  0.0712,  0.0048],
        [ 0.0335, -0.0653, -0.0104,  ...,  0.0509,  0.0712,  0.0048],
        [ 0.0335, -0.0653, -0.0104,  ...,  0.0509,  0.0712,  0.0048],
        ...,
        [-0.0012, -0.1247, -0.0494,  ...,  0.0766,  0.1545, -0.0075],
        [-0.0012, -0.1247, -0.0494,  ...,  0.0766,  0.1545, -0.0075],
        [-0.0012, -0.1247, -0.0494,  ...,  0.0766,  0.1545, -0.0075]],
       device='cuda:0')
DGLGraph(num_nodes=18174, num_edges=32252,
         ndata_schemes={'pos': Scheme(shape=(), dtype=torch.int64), 'x': Scheme(shape=(250,), dtype=torch.float32), '_id': Scheme(shape=(), dtype=torch.int64)}
         edata_schemes={})
tensor([[ 0.0165, -0.0882, -0.0541,  ...,  0.0573,  0.1224, -0.0473],
        [ 0.0165, -0.0882, -0.0541,  ...,  0.0573,  0.1224, -0.0473],
        [ 0.0165, -0.0882, -0.0541,  ...,  0.0573,  0.1224, -0.0473],
        ...,
        [ 0.0528, -0.0622, -0.0681,  ...,  0.0160,  0.0809, -0.0267],
        [ 0.0528, -0.0622, -0.0681,  ...,  0.0160,  0.0809, -0.0267],
        [ 0.0528, -0.0622, -0.0681,  ...,  0.0160,  0.0809, -0.0267]],
       device='cuda:0')
DGLGraph(num_nodes=17912, num_edges=31728,
         ndata_schemes={'pos': Scheme(shape=(), dtype=torch.int64), 'x': Scheme(shape=(250,), dtype=torch.float32), '_id': Scheme(shape=(), dtype=torch.int64)}
         edata_schemes={})
tensor([[ 0.0696, -0.0870, -0.0178,  ...,  0.0204,  0.0522,  0.0183],
        [ 0.0696, -0.0870, -0.0178,  ...,  0.0204,  0.0522,  0.0183],
        [ 0.0696, -0.0870, -0.0178,  ...,  0.0204,  0.0522,  0.0183],
        ...,
        [ 0.0587, -0.1707, -0.0126,  ...,  0.0212,  0.1829, -0.0351],
        [ 0.0587, -0.1707, -0.0126,  ...,  0.0212,  0.1829, -0.0351],
        [ 0.0587, -0.1707, -0.0126,  ...,  0.0212,  0.1829, -0.0351]],
       device='cuda:0')
DGLGraph(num_nodes=17672, num_edges=31248,
         ndata_schemes={'pos': Scheme(shape=(), dtype=torch.int64), 'x': Scheme(shape=(250,), dtype=torch.float32), '_id': Scheme(shape=(), dtype=torch.int64)}
         edata_schemes={})
tensor([[ 0.0123, -0.0126, -0.0766,  ...,  0.0305,  0.0576, -0.0151],
        [ 0.0123, -0.0126, -0.0766,  ...,  0.0305,  0.0576, -0.0151],
        [ 0.0123, -0.0126, -0.0766,  ...,  0.0305,  0.0576, -0.0151],
        ...,
        [-0.0525, -0.0272, -0.0776,  ...,  0.0101,  0.0568, -0.0080],
        [-0.0525, -0.0272, -0.0776,  ...,  0.0101,  0.0568, -0.0080],
        [-0.0525, -0.0272, -0.0776,  ...,  0.0101,  0.0568, -0.0080]],
       device='cuda:0')
DGLGraph(num_nodes=18030, num_edges=31964,
         ndata_schemes={'pos': Scheme(shape=(), dtype=torch.int64), 'x': Scheme(shape=(250,), dtype=torch.float32), '_id': Scheme(shape=(), dtype=torch.int64)}
         edata_schemes={})
tensor([[-0.0018, -0.0156, -0.0321,  ...,  0.0024,  0.0404, -0.0204],
        [-0.0018, -0.0156, -0.0321,  ...,  0.0024,  0.0404, -0.0204],
        [-0.0018, -0.0156, -0.0321,  ...,  0.0024,  0.0404, -0.0204],
        ...,
        [ 0.0237, -0.0826, -0.0686,  ...,  0.0600,  0.0866, -0.0132],
        [ 0.0237, -0.0826, -0.0686,  ...,  0.0600,  0.0866, -0.0132],
        [ 0.0237, -0.0826, -0.0686,  ...,  0.0600,  0.0866, -0.0132]],
       device='cuda:0')
DGLGraph(num_nodes=17877, num_edges=31658,
         ndata_schemes={'pos': Scheme(shape=(), dtype=torch.int64), 'x': Scheme(shape=(250,), dtype=torch.float32), '_id': Scheme(shape=(), dtype=torch.int64)}
         edata_schemes={})
tensor([[-0.0024, -0.0572, -0.0307,  ...,  0.0380,  0.0819, -0.0472],
        [-0.0024, -0.0572, -0.0307,  ...,  0.0380,  0.0819, -0.0472],
        [-0.0024, -0.0572, -0.0307,  ...,  0.0380,  0.0819, -0.0472],
        ...,
        [-0.0728, -0.0253,  0.0101,  ...,  0.0867,  0.0094, -0.0890],
        [-0.0728, -0.0253,  0.0101,  ...,  0.0867,  0.0094, -0.0890],
        [-0.0728, -0.0253,  0.0101,  ...,  0.0867,  0.0094, -0.0890]],
       device='cuda:0')
DGLGraph(num_nodes=18262, num_edges=32428,
         ndata_schemes={'pos': Scheme(shape=(), dtype=torch.int64), 'x': Scheme(shape=(250,), dtype=torch.float32), '_id': Scheme(shape=(), dtype=torch.int64)}
         edata_schemes={})
tensor([[ 0.0836, -0.1279,  0.0351,  ...,  0.0101,  0.0861, -0.0452],
        [ 0.0836, -0.1279,  0.0351,  ...,  0.0101,  0.0861, -0.0452],
        [ 0.0836, -0.1279,  0.0351,  ...,  0.0101,  0.0861, -0.0452],
        ...,
        [ 0.0507, -0.1046,  0.0383,  ...,  0.0154,  0.1491,  0.0637],
        [ 0.0507, -0.1046,  0.0383,  ...,  0.0154,  0.1491,  0.0637],
        [ 0.0507, -0.1046,  0.0383,  ...,  0.0154,  0.1491,  0.0637]],
       device='cuda:0')
DGLGraph(num_nodes=17477, num_edges=30858,
         ndata_schemes={'pos': Scheme(shape=(), dtype=torch.int64), 'x': Scheme(shape=(250,), dtype=torch.float32), '_id': Scheme(shape=(), dtype=torch.int64)}
         edata_schemes={})
tensor([[ 0.1117, -0.1125, -0.0124,  ..., -0.0230,  0.0878, -0.0429],
        [ 0.1117, -0.1125, -0.0124,  ..., -0.0230,  0.0878, -0.0429],
        [ 0.1117, -0.1125, -0.0124,  ..., -0.0230,  0.0878, -0.0429],
        ...,
        [-0.0597, -0.0284, -0.0472,  ...,  0.0418,  0.0266,  0.0262],
        [-0.0597, -0.0284, -0.0472,  ...,  0.0418,  0.0266,  0.0262],
        [-0.0597, -0.0284, -0.0472,  ...,  0.0418,  0.0266,  0.0262]],
       device='cuda:0')
DGLGraph(num_nodes=17924, num_edges=31752,
         ndata_schemes={'pos': Scheme(shape=(), dtype=torch.int64), 'x': Scheme(shape=(250,), dtype=torch.float32), '_id': Scheme(shape=(), dtype=torch.int64)}
         edata_schemes={})
tensor([[ 0.0642, -0.0973,  0.0048,  ..., -0.0334,  0.1099,  0.0186],
        [ 0.0642, -0.0973,  0.0048,  ..., -0.0334,  0.1099,  0.0186],
        [ 0.0642, -0.0973,  0.0048,  ..., -0.0334,  0.1099,  0.0186],
        ...,
        [ 0.0563, -0.1086, -0.0346,  ...,  0.0849,  0.1143,  0.0311],
        [ 0.0563, -0.1086, -0.0346,  ...,  0.0849,  0.1143,  0.0311],
        [ 0.0563, -0.1086, -0.0346,  ...,  0.0849,  0.1143,  0.0311]],
       device='cuda:0')
DGLGraph(num_nodes=17784, num_edges=31472,
         ndata_schemes={'pos': Scheme(shape=(), dtype=torch.int64), 'x': Scheme(shape=(250,), dtype=torch.float32), '_id': Scheme(shape=(), dtype=torch.int64)}
         edata_schemes={})
tensor([[ 0.0073,  0.0103, -0.0615,  ...,  0.0812,  0.0263,  0.0813],
        [ 0.0073,  0.0103, -0.0615,  ...,  0.0812,  0.0263,  0.0813],
        [ 0.0073,  0.0103, -0.0615,  ...,  0.0812,  0.0263,  0.0813],
        ...,
        [ 0.0017, -0.0969, -0.0265,  ..., -0.0524,  0.1112, -0.0612],
        [ 0.0017, -0.0969, -0.0265,  ..., -0.0524,  0.1112, -0.0612],
        [ 0.0017, -0.0969, -0.0265,  ..., -0.0524,  0.1112, -0.0612]],
       device='cuda:0')
DGLGraph(num_nodes=17943, num_edges=31790,
         ndata_schemes={'pos': Scheme(shape=(), dtype=torch.int64), 'x': Scheme(shape=(250,), dtype=torch.float32), '_id': Scheme(shape=(), dtype=torch.int64)}
         edata_schemes={})
tensor([[-0.0599,  0.0527,  0.0246,  ...,  0.0699,  0.0266, -0.0880],
        [-0.0599,  0.0527,  0.0246,  ...,  0.0699,  0.0266, -0.0880],
        [-0.0599,  0.0527,  0.0246,  ...,  0.0699,  0.0266, -0.0880],
        ...,
        [ 0.0456, -0.1143,  0.0601,  ..., -0.0200,  0.0351, -0.0239],
        [ 0.0456, -0.1143,  0.0601,  ..., -0.0200,  0.0351, -0.0239],
        [ 0.0456, -0.1143,  0.0601,  ..., -0.0200,  0.0351, -0.0239]],
       device='cuda:0')
DGLGraph(num_nodes=18450, num_edges=32804,
         ndata_schemes={'pos': Scheme(shape=(), dtype=torch.int64), 'x': Scheme(shape=(250,), dtype=torch.float32), '_id': Scheme(shape=(), dtype=torch.int64)}
         edata_schemes={})
tensor([[-0.0125, -0.0458, -0.0749,  ..., -0.0204,  0.0736,  0.1189],
        [-0.0125, -0.0458, -0.0749,  ..., -0.0204,  0.0736,  0.1189],
        [-0.0125, -0.0458, -0.0749,  ..., -0.0204,  0.0736,  0.1189],
        ...,
        [-0.0078, -0.0611, -0.0444,  ..., -0.0312,  0.1236,  0.0928],
        [-0.0078, -0.0611, -0.0444,  ..., -0.0312,  0.1236,  0.0928],
        [-0.0078, -0.0611, -0.0444,  ..., -0.0312,  0.1236,  0.0928]],
       device='cuda:0')
DGLGraph(num_nodes=18672, num_edges=33248,
         ndata_schemes={'pos': Scheme(shape=(), dtype=torch.int64), 'x': Scheme(shape=(250,), dtype=torch.float32), '_id': Scheme(shape=(), dtype=torch.int64)}
         edata_schemes={})
tensor([[-0.0287, -0.0873,  0.0274,  ...,  0.1110,  0.0950, -0.0389],
        [-0.0287, -0.0873,  0.0274,  ...,  0.1110,  0.0950, -0.0389],
        [-0.0287, -0.0873,  0.0274,  ...,  0.1110,  0.0950, -0.0389],
        ...,
        [ 0.0781, -0.0436, -0.1171,  ..., -0.0344,  0.0379, -0.0091],
        [ 0.0781, -0.0436, -0.1171,  ..., -0.0344,  0.0379, -0.0091],
        [ 0.0781, -0.0436, -0.1171,  ..., -0.0344,  0.0379, -0.0091]],
       device='cuda:0')
DGLGraph(num_nodes=17754, num_edges=31412,
         ndata_schemes={'pos': Scheme(shape=(), dtype=torch.int64), 'x': Scheme(shape=(250,), dtype=torch.float32), '_id': Scheme(shape=(), dtype=torch.int64)}
         edata_schemes={})
tensor([[-0.1110,  0.0113,  0.0322,  ..., -0.0204,  0.0052,  0.0405],
        [-0.1110,  0.0113,  0.0322,  ..., -0.0204,  0.0052,  0.0405],
        [-0.1110,  0.0113,  0.0322,  ..., -0.0204,  0.0052,  0.0405],
        ...,
        [ 0.0310, -0.0596, -0.0119,  ..., -0.0526,  0.1023, -0.0110],
        [ 0.0310, -0.0596, -0.0119,  ..., -0.0526,  0.1023, -0.0110],
        [ 0.0310, -0.0596, -0.0119,  ..., -0.0526,  0.1023, -0.0110]],
       device='cuda:0')
DGLGraph(num_nodes=17692, num_edges=31288,
         ndata_schemes={'pos': Scheme(shape=(), dtype=torch.int64), 'x': Scheme(shape=(250,), dtype=torch.float32), '_id': Scheme(shape=(), dtype=torch.int64)}
         edata_schemes={})
tensor([[ 0.0467, -0.0812, -0.0430,  ...,  0.0473,  0.0808, -0.0408],
        [ 0.0467, -0.0812, -0.0430,  ...,  0.0473,  0.0808, -0.0408],
        [ 0.0467, -0.0812, -0.0430,  ...,  0.0473,  0.0808, -0.0408],
        ...,
        [ 0.0649, -0.1337, -0.0264,  ...,  0.0240,  0.1370, -0.0210],
        [ 0.0649, -0.1337, -0.0264,  ...,  0.0240,  0.1370, -0.0210],
        [ 0.0649, -0.1337, -0.0264,  ...,  0.0240,  0.1370, -0.0210]],
       device='cuda:0')
DGLGraph(num_nodes=17931, num_edges=31766,
         ndata_schemes={'pos': Scheme(shape=(), dtype=torch.int64), 'x': Scheme(shape=(250,), dtype=torch.float32), '_id': Scheme(shape=(), dtype=torch.int64)}
         edata_schemes={})
tensor([[ 0.0047,  0.0180, -0.0488,  ...,  0.1158,  0.0728, -0.0360],
        [ 0.0047,  0.0180, -0.0488,  ...,  0.1158,  0.0728, -0.0360],
        [ 0.0047,  0.0180, -0.0488,  ...,  0.1158,  0.0728, -0.0360],
        ...,
        [ 0.0134, -0.1079, -0.0981,  ...,  0.0268,  0.1185, -0.0028],
        [ 0.0134, -0.1079, -0.0981,  ...,  0.0268,  0.1185, -0.0028],
        [ 0.0134, -0.1079, -0.0981,  ...,  0.0268,  0.1185, -0.0028]],
       device='cuda:0')
DGLGraph(num_nodes=17639, num_edges=31182,
         ndata_schemes={'pos': Scheme(shape=(), dtype=torch.int64), 'x': Scheme(shape=(250,), dtype=torch.float32), '_id': Scheme(shape=(), dtype=torch.int64)}
         edata_schemes={})
tensor([[ 0.0283, -0.0708, -0.0078,  ...,  0.0490,  0.1031, -0.0599],
        [ 0.0283, -0.0708, -0.0078,  ...,  0.0490,  0.1031, -0.0599],
        [ 0.0283, -0.0708, -0.0078,  ...,  0.0490,  0.1031, -0.0599],
        ...,
        [-0.0349, -0.0073, -0.0075,  ...,  0.1306,  0.0343, -0.0764],
        [-0.0349, -0.0073, -0.0075,  ...,  0.1306,  0.0343, -0.0764],
        [-0.0349, -0.0073, -0.0075,  ...,  0.1306,  0.0343, -0.0764]],
       device='cuda:0')
DGLGraph(num_nodes=18207, num_edges=32318,
         ndata_schemes={'pos': Scheme(shape=(), dtype=torch.int64), 'x': Scheme(shape=(250,), dtype=torch.float32), '_id': Scheme(shape=(), dtype=torch.int64)}
         edata_schemes={})
tensor([[-0.0204, -0.0391,  0.0232,  ..., -0.0178,  0.0555, -0.0468],
        [-0.0204, -0.0391,  0.0232,  ..., -0.0178,  0.0555, -0.0468],
        [-0.0204, -0.0391,  0.0232,  ..., -0.0178,  0.0555, -0.0468],
        ...,
        [ 0.0168, -0.0951, -0.0524,  ...,  0.0753,  0.1416,  0.0698],
        [ 0.0168, -0.0951, -0.0524,  ...,  0.0753,  0.1416,  0.0698],
        [ 0.0168, -0.0951, -0.0524,  ...,  0.0753,  0.1416,  0.0698]],
       device='cuda:0')
DGLGraph(num_nodes=18177, num_edges=32258,
         ndata_schemes={'pos': Scheme(shape=(), dtype=torch.int64), 'x': Scheme(shape=(250,), dtype=torch.float32), '_id': Scheme(shape=(), dtype=torch.int64)}
         edata_schemes={})
tensor([[ 0.0590, -0.1207, -0.0106,  ...,  0.0059,  0.0892, -0.0270],
        [ 0.0590, -0.1207, -0.0106,  ...,  0.0059,  0.0892, -0.0270],
        [ 0.0590, -0.1207, -0.0106,  ...,  0.0059,  0.0892, -0.0270],
        ...,
        [ 0.0176, -0.1323, -0.0551,  ...,  0.0266,  0.0651, -0.0522],
        [ 0.0176, -0.1323, -0.0551,  ...,  0.0266,  0.0651, -0.0522],
        [ 0.0176, -0.1323, -0.0551,  ...,  0.0266,  0.0651, -0.0522]],
       device='cuda:0')
DGLGraph(num_nodes=17463, num_edges=30830,
         ndata_schemes={'pos': Scheme(shape=(), dtype=torch.int64), 'x': Scheme(shape=(250,), dtype=torch.float32), '_id': Scheme(shape=(), dtype=torch.int64)}
         edata_schemes={})
tensor([[ 0.0905, -0.1115,  0.0108,  ..., -0.0251,  0.0707, -0.0375],
        [ 0.0905, -0.1115,  0.0108,  ..., -0.0251,  0.0707, -0.0375],
        [ 0.0905, -0.1115,  0.0108,  ..., -0.0251,  0.0707, -0.0375],
        ...,
        [ 0.0384, -0.0272,  0.0076,  ..., -0.1130,  0.0919, -0.0333],
        [ 0.0384, -0.0272,  0.0076,  ..., -0.1130,  0.0919, -0.0333],
        [ 0.0384, -0.0272,  0.0076,  ..., -0.1130,  0.0919, -0.0333]],
       device='cuda:0')
DGLGraph(num_nodes=17876, num_edges=31656,
         ndata_schemes={'pos': Scheme(shape=(), dtype=torch.int64), 'x': Scheme(shape=(250,), dtype=torch.float32), '_id': Scheme(shape=(), dtype=torch.int64)}
         edata_schemes={})
tensor([[ 0.0655, -0.0838, -0.0469,  ...,  0.0182,  0.0965, -0.0377],
        [ 0.0655, -0.0838, -0.0469,  ...,  0.0182,  0.0965, -0.0377],
        [ 0.0655, -0.0838, -0.0469,  ...,  0.0182,  0.0965, -0.0377],
        ...,
        [ 0.1001, -0.0883, -0.0526,  ...,  0.0166,  0.0711, -0.0753],
        [ 0.1001, -0.0883, -0.0526,  ...,  0.0166,  0.0711, -0.0753],
        [ 0.1001, -0.0883, -0.0526,  ...,  0.0166,  0.0711, -0.0753]],
       device='cuda:0')
DGLGraph(num_nodes=18423, num_edges=32750,
         ndata_schemes={'pos': Scheme(shape=(), dtype=torch.int64), 'x': Scheme(shape=(250,), dtype=torch.float32), '_id': Scheme(shape=(), dtype=torch.int64)}
         edata_schemes={})
tensor([[ 0.0567, -0.0958, -0.0034,  ...,  0.0369,  0.1548, -0.0264],
        [ 0.0567, -0.0958, -0.0034,  ...,  0.0369,  0.1548, -0.0264],
        [ 0.0567, -0.0958, -0.0034,  ...,  0.0369,  0.1548, -0.0264],
        ...,
        [ 0.0929, -0.1619, -0.0389,  ...,  0.0301,  0.1175, -0.0602],
        [ 0.0929, -0.1619, -0.0389,  ...,  0.0301,  0.1175, -0.0602],
        [ 0.0929, -0.1619, -0.0389,  ...,  0.0301,  0.1175, -0.0602]],
       device='cuda:0')
DGLGraph(num_nodes=18445, num_edges=32794,
         ndata_schemes={'pos': Scheme(shape=(), dtype=torch.int64), 'x': Scheme(shape=(250,), dtype=torch.float32), '_id': Scheme(shape=(), dtype=torch.int64)}
         edata_schemes={})
tensor([[ 0.0119, -0.0672, -0.0927,  ...,  0.0556,  0.0850,  0.0146],
        [ 0.0119, -0.0672, -0.0927,  ...,  0.0556,  0.0850,  0.0146],
        [ 0.0119, -0.0672, -0.0927,  ...,  0.0556,  0.0850,  0.0146],
        ...,
        [-0.0111,  0.0174, -0.1134,  ...,  0.1126, -0.0571,  0.0824],
        [-0.0111,  0.0174, -0.1134,  ...,  0.1126, -0.0571,  0.0824],
        [-0.0111,  0.0174, -0.1134,  ...,  0.1126, -0.0571,  0.0824]],
       device='cuda:0')
DGLGraph(num_nodes=18668, num_edges=33240,
         ndata_schemes={'pos': Scheme(shape=(), dtype=torch.int64), 'x': Scheme(shape=(250,), dtype=torch.float32), '_id': Scheme(shape=(), dtype=torch.int64)}
         edata_schemes={})
tensor([[ 4.6218e-03, -1.6268e-01, -2.8972e-02,  ...,  1.0448e-04,
          1.3885e-01, -3.4123e-02],
        [ 4.6218e-03, -1.6268e-01, -2.8972e-02,  ...,  1.0448e-04,
          1.3885e-01, -3.4123e-02],
        [ 4.6218e-03, -1.6268e-01, -2.8972e-02,  ...,  1.0448e-04,
          1.3885e-01, -3.4123e-02],
        ...,
        [ 5.6848e-02, -1.3340e-01,  3.1727e-02,  ..., -4.6985e-03,
          1.2386e-01, -6.4947e-03],
        [ 5.6848e-02, -1.3340e-01,  3.1727e-02,  ..., -4.6985e-03,
          1.2386e-01, -6.4947e-03],
        [ 5.6848e-02, -1.3340e-01,  3.1727e-02,  ..., -4.6985e-03,
          1.2386e-01, -6.4947e-03]], device='cuda:0')
DGLGraph(num_nodes=18664, num_edges=33232,
         ndata_schemes={'pos': Scheme(shape=(), dtype=torch.int64), 'x': Scheme(shape=(250,), dtype=torch.float32), '_id': Scheme(shape=(), dtype=torch.int64)}
         edata_schemes={})
tensor([[-0.0664, -0.0561, -0.0420,  ..., -0.0796, -0.1173,  0.0316],
        [-0.0664, -0.0561, -0.0420,  ..., -0.0796, -0.1173,  0.0316],
        [-0.0664, -0.0561, -0.0420,  ..., -0.0796, -0.1173,  0.0316],
        ...,
        [-0.1008,  0.0034,  0.0150,  ..., -0.0834,  0.0250, -0.0450],
        [-0.1008,  0.0034,  0.0150,  ..., -0.0834,  0.0250, -0.0450],
        [-0.1008,  0.0034,  0.0150,  ..., -0.0834,  0.0250, -0.0450]],
       device='cuda:0')
DGLGraph(num_nodes=17897, num_edges=31698,
         ndata_schemes={'pos': Scheme(shape=(), dtype=torch.int64), 'x': Scheme(shape=(250,), dtype=torch.float32), '_id': Scheme(shape=(), dtype=torch.int64)}
         edata_schemes={})
tensor([[-0.0137, -0.0045, -0.0177,  ...,  0.0695,  0.0185,  0.0200],
        [-0.0137, -0.0045, -0.0177,  ...,  0.0695,  0.0185,  0.0200],
        [-0.0137, -0.0045, -0.0177,  ...,  0.0695,  0.0185,  0.0200],
        ...,
        [ 0.0895, -0.1401, -0.0223,  ..., -0.0133,  0.0956, -0.0355],
        [ 0.0895, -0.1401, -0.0223,  ..., -0.0133,  0.0956, -0.0355],
        [ 0.0895, -0.1401, -0.0223,  ..., -0.0133,  0.0956, -0.0355]],
       device='cuda:0')
DGLGraph(num_nodes=18121, num_edges=32146,
         ndata_schemes={'pos': Scheme(shape=(), dtype=torch.int64), 'x': Scheme(shape=(250,), dtype=torch.float32), '_id': Scheme(shape=(), dtype=torch.int64)}
         edata_schemes={})
tensor([[ 0.0282, -0.0756, -0.0764,  ...,  0.0494,  0.0724, -0.0334],
        [ 0.0282, -0.0756, -0.0764,  ...,  0.0494,  0.0724, -0.0334],
        [ 0.0282, -0.0756, -0.0764,  ...,  0.0494,  0.0724, -0.0334],
        ...,
        [ 0.0114, -0.1534, -0.0374,  ...,  0.0314,  0.0982, -0.0284],
        [ 0.0114, -0.1534, -0.0374,  ...,  0.0314,  0.0982, -0.0284],
        [ 0.0114, -0.1534, -0.0374,  ...,  0.0314,  0.0982, -0.0284]],
       device='cuda:0')
DGLGraph(num_nodes=18069, num_edges=32042,
         ndata_schemes={'pos': Scheme(shape=(), dtype=torch.int64), 'x': Scheme(shape=(250,), dtype=torch.float32), '_id': Scheme(shape=(), dtype=torch.int64)}
         edata_schemes={})
tensor([[ 0.0377, -0.0377, -0.0456,  ...,  0.0510,  0.0664, -0.0299],
        [ 0.0377, -0.0377, -0.0456,  ...,  0.0510,  0.0664, -0.0299],
        [ 0.0377, -0.0377, -0.0456,  ...,  0.0510,  0.0664, -0.0299],
        ...,
        [-0.0261, -0.0621, -0.0377,  ...,  0.0913,  0.0974, -0.0396],
        [-0.0261, -0.0621, -0.0377,  ...,  0.0913,  0.0974, -0.0396],
        [-0.0261, -0.0621, -0.0377,  ...,  0.0913,  0.0974, -0.0396]],
       device='cuda:0')
DGLGraph(num_nodes=18366, num_edges=32636,
         ndata_schemes={'pos': Scheme(shape=(), dtype=torch.int64), 'x': Scheme(shape=(250,), dtype=torch.float32), '_id': Scheme(shape=(), dtype=torch.int64)}
         edata_schemes={})
tensor([[-0.0132, -0.0543, -0.0418,  ...,  0.0656,  0.0842, -0.0439],
        [-0.0132, -0.0543, -0.0418,  ...,  0.0656,  0.0842, -0.0439],
        [-0.0132, -0.0543, -0.0418,  ...,  0.0656,  0.0842, -0.0439],
        ...,
        [-0.0077, -0.0427, -0.0607,  ...,  0.0376,  0.0998, -0.0763],
        [-0.0077, -0.0427, -0.0607,  ...,  0.0376,  0.0998, -0.0763],
        [-0.0077, -0.0427, -0.0607,  ...,  0.0376,  0.0998, -0.0763]],
       device='cuda:0')
DGLGraph(num_nodes=17738, num_edges=31380,
         ndata_schemes={'pos': Scheme(shape=(), dtype=torch.int64), 'x': Scheme(shape=(250,), dtype=torch.float32), '_id': Scheme(shape=(), dtype=torch.int64)}
         edata_schemes={})
tensor([[ 0.0563, -0.1049, -0.0721,  ...,  0.0052,  0.1351, -0.0240],
        [ 0.0563, -0.1049, -0.0721,  ...,  0.0052,  0.1351, -0.0240],
        [ 0.0563, -0.1049, -0.0721,  ...,  0.0052,  0.1351, -0.0240],
        ...,
        [-0.0289, -0.0178,  0.1166,  ...,  0.0188,  0.0691,  0.0027],
        [-0.0289, -0.0178,  0.1166,  ...,  0.0188,  0.0691,  0.0027],
        [-0.0289, -0.0178,  0.1166,  ...,  0.0188,  0.0691,  0.0027]],
       device='cuda:0')
DGLGraph(num_nodes=17672, num_edges=31248,
         ndata_schemes={'pos': Scheme(shape=(), dtype=torch.int64), 'x': Scheme(shape=(250,), dtype=torch.float32), '_id': Scheme(shape=(), dtype=torch.int64)}
         edata_schemes={})
tensor([[-0.1178,  0.0171,  0.0075,  ...,  0.0296, -0.0277, -0.0446],
        [-0.1178,  0.0171,  0.0075,  ...,  0.0296, -0.0277, -0.0446],
        [-0.1178,  0.0171,  0.0075,  ...,  0.0296, -0.0277, -0.0446],
        ...,
        [-0.0075, -0.0387, -0.0046,  ...,  0.0437,  0.1463, -0.0648],
        [-0.0075, -0.0387, -0.0046,  ...,  0.0437,  0.1463, -0.0648],
        [-0.0075, -0.0387, -0.0046,  ...,  0.0437,  0.1463, -0.0648]],
       device='cuda:0')
DGLGraph(num_nodes=17906, num_edges=31716,
         ndata_schemes={'pos': Scheme(shape=(), dtype=torch.int64), 'x': Scheme(shape=(250,), dtype=torch.float32), '_id': Scheme(shape=(), dtype=torch.int64)}
         edata_schemes={})
tensor([[-0.0209, -0.0272, -0.0468,  ..., -0.0428,  0.0370, -0.0723],
        [-0.0209, -0.0272, -0.0468,  ..., -0.0428,  0.0370, -0.0723],
        [-0.0209, -0.0272, -0.0468,  ..., -0.0428,  0.0370, -0.0723],
        ...,
        [-0.0616,  0.0932, -0.0533,  ...,  0.0191,  0.0309,  0.0407],
        [-0.0616,  0.0932, -0.0533,  ...,  0.0191,  0.0309,  0.0407],
        [-0.0616,  0.0932, -0.0533,  ...,  0.0191,  0.0309,  0.0407]],
       device='cuda:0')
DGLGraph(num_nodes=18084, num_edges=32072,
         ndata_schemes={'pos': Scheme(shape=(), dtype=torch.int64), 'x': Scheme(shape=(250,), dtype=torch.float32), '_id': Scheme(shape=(), dtype=torch.int64)}
         edata_schemes={})
tensor([[ 0.0659, -0.0213,  0.0321,  ..., -0.0383,  0.0216, -0.0258],
        [ 0.0659, -0.0213,  0.0321,  ..., -0.0383,  0.0216, -0.0258],
        [ 0.0659, -0.0213,  0.0321,  ..., -0.0383,  0.0216, -0.0258],
        ...,
        [ 0.0514, -0.1080, -0.0328,  ...,  0.0181,  0.0352, -0.0283],
        [ 0.0514, -0.1080, -0.0328,  ...,  0.0181,  0.0352, -0.0283],
        [ 0.0514, -0.1080, -0.0328,  ...,  0.0181,  0.0352, -0.0283]],
       device='cuda:0')
DGLGraph(num_nodes=18116, num_edges=32136,
         ndata_schemes={'pos': Scheme(shape=(), dtype=torch.int64), 'x': Scheme(shape=(250,), dtype=torch.float32), '_id': Scheme(shape=(), dtype=torch.int64)}
         edata_schemes={})
tensor([[-0.0247,  0.0046, -0.0171,  ..., -0.0338,  0.1015,  0.0460],
        [-0.0247,  0.0046, -0.0171,  ..., -0.0338,  0.1015,  0.0460],
        [-0.0247,  0.0046, -0.0171,  ..., -0.0338,  0.1015,  0.0460],
        ...,
        [ 0.0666, -0.1120, -0.0461,  ...,  0.0744,  0.1038, -0.0465],
        [ 0.0666, -0.1120, -0.0461,  ...,  0.0744,  0.1038, -0.0465],
        [ 0.0666, -0.1120, -0.0461,  ...,  0.0744,  0.1038, -0.0465]],
       device='cuda:0')
DGLGraph(num_nodes=17530, num_edges=30964,
         ndata_schemes={'pos': Scheme(shape=(), dtype=torch.int64), 'x': Scheme(shape=(250,), dtype=torch.float32), '_id': Scheme(shape=(), dtype=torch.int64)}
         edata_schemes={})
tensor([[-0.0158,  0.0255, -0.1055,  ...,  0.0298,  0.0317, -0.0522],
        [-0.0158,  0.0255, -0.1055,  ...,  0.0298,  0.0317, -0.0522],
        [-0.0158,  0.0255, -0.1055,  ...,  0.0298,  0.0317, -0.0522],
        ...,
        [ 0.0702, -0.1438, -0.0355,  ...,  0.0174,  0.1233, -0.0298],
        [ 0.0702, -0.1438, -0.0355,  ...,  0.0174,  0.1233, -0.0298],
        [ 0.0702, -0.1438, -0.0355,  ...,  0.0174,  0.1233, -0.0298]],
       device='cuda:0')
DGLGraph(num_nodes=18016, num_edges=31936,
         ndata_schemes={'pos': Scheme(shape=(), dtype=torch.int64), 'x': Scheme(shape=(250,), dtype=torch.float32), '_id': Scheme(shape=(), dtype=torch.int64)}
         edata_schemes={})
tensor([[-0.1010, -0.0493,  0.0147,  ...,  0.0164,  0.0193, -0.1373],
        [-0.1010, -0.0493,  0.0147,  ...,  0.0164,  0.0193, -0.1373],
        [-0.1010, -0.0493,  0.0147,  ...,  0.0164,  0.0193, -0.1373],
        ...,
        [ 0.0247, -0.0661, -0.0358,  ...,  0.0921,  0.0571,  0.0623],
        [ 0.0247, -0.0661, -0.0358,  ...,  0.0921,  0.0571,  0.0623],
        [ 0.0247, -0.0661, -0.0358,  ...,  0.0921,  0.0571,  0.0623]],
       device='cuda:0')
DGLGraph(num_nodes=18240, num_edges=32384,
         ndata_schemes={'pos': Scheme(shape=(), dtype=torch.int64), 'x': Scheme(shape=(250,), dtype=torch.float32), '_id': Scheme(shape=(), dtype=torch.int64)}
         edata_schemes={})
tensor([[-0.0447, -0.1205, -0.0337,  ...,  0.0602,  0.1052, -0.0088],
        [-0.0447, -0.1205, -0.0337,  ...,  0.0602,  0.1052, -0.0088],
        [-0.0447, -0.1205, -0.0337,  ...,  0.0602,  0.1052, -0.0088],
        ...,
        [ 0.0602, -0.0924, -0.0457,  ...,  0.0413,  0.0754, -0.0190],
        [ 0.0602, -0.0924, -0.0457,  ...,  0.0413,  0.0754, -0.0190],
        [ 0.0602, -0.0924, -0.0457,  ...,  0.0413,  0.0754, -0.0190]],
       device='cuda:0')
DGLGraph(num_nodes=18346, num_edges=32596,
         ndata_schemes={'pos': Scheme(shape=(), dtype=torch.int64), 'x': Scheme(shape=(250,), dtype=torch.float32), '_id': Scheme(shape=(), dtype=torch.int64)}
         edata_schemes={})
tensor([[-0.0042, -0.1235, -0.0778,  ...,  0.0106,  0.0456, -0.0604],
        [-0.0042, -0.1235, -0.0778,  ...,  0.0106,  0.0456, -0.0604],
        [-0.0042, -0.1235, -0.0778,  ...,  0.0106,  0.0456, -0.0604],
        ...,
        [-0.0196, -0.1228, -0.0320,  ..., -0.0233,  0.1679, -0.0048],
        [-0.0196, -0.1228, -0.0320,  ..., -0.0233,  0.1679, -0.0048],
        [-0.0196, -0.1228, -0.0320,  ..., -0.0233,  0.1679, -0.0048]],
       device='cuda:0')
DGLGraph(num_nodes=18545, num_edges=32994,
         ndata_schemes={'pos': Scheme(shape=(), dtype=torch.int64), 'x': Scheme(shape=(250,), dtype=torch.float32), '_id': Scheme(shape=(), dtype=torch.int64)}
         edata_schemes={})
tensor([[ 0.0606, -0.0581,  0.0393,  ..., -0.0787,  0.1568,  0.0229],
        [ 0.0606, -0.0581,  0.0393,  ..., -0.0787,  0.1568,  0.0229],
        [ 0.0606, -0.0581,  0.0393,  ..., -0.0787,  0.1568,  0.0229],
        ...,
        [ 0.0042, -0.0717, -0.0323,  ..., -0.0058,  0.0858,  0.0590],
        [ 0.0042, -0.0717, -0.0323,  ..., -0.0058,  0.0858,  0.0590],
        [ 0.0042, -0.0717, -0.0323,  ..., -0.0058,  0.0858,  0.0590]],
       device='cuda:0')
DGLGraph(num_nodes=17821, num_edges=31546,
         ndata_schemes={'pos': Scheme(shape=(), dtype=torch.int64), 'x': Scheme(shape=(250,), dtype=torch.float32), '_id': Scheme(shape=(), dtype=torch.int64)}
         edata_schemes={})
tensor([[ 0.0725, -0.1385,  0.0089,  ...,  0.0332,  0.1086, -0.0004],
        [ 0.0725, -0.1385,  0.0089,  ...,  0.0332,  0.1086, -0.0004],
        [ 0.0725, -0.1385,  0.0089,  ...,  0.0332,  0.1086, -0.0004],
        ...,
        [ 0.0190, -0.1263, -0.0655,  ...,  0.0911,  0.0992,  0.0274],
        [ 0.0190, -0.1263, -0.0655,  ...,  0.0911,  0.0992,  0.0274],
        [ 0.0190, -0.1263, -0.0655,  ...,  0.0911,  0.0992,  0.0274]],
       device='cuda:0')
DGLGraph(num_nodes=17937, num_edges=31778,
         ndata_schemes={'pos': Scheme(shape=(), dtype=torch.int64), 'x': Scheme(shape=(250,), dtype=torch.float32), '_id': Scheme(shape=(), dtype=torch.int64)}
         edata_schemes={})
tensor([[ 0.0588, -0.1104, -0.0989,  ...,  0.0576,  0.0924,  0.0120],
        [ 0.0588, -0.1104, -0.0989,  ...,  0.0576,  0.0924,  0.0120],
        [ 0.0588, -0.1104, -0.0989,  ...,  0.0576,  0.0924,  0.0120],
        ...,
        [ 0.0176, -0.1427, -0.0291,  ..., -0.0002,  0.1753, -0.0227],
        [ 0.0176, -0.1427, -0.0291,  ..., -0.0002,  0.1753, -0.0227],
        [ 0.0176, -0.1427, -0.0291,  ..., -0.0002,  0.1753, -0.0227]],
       device='cuda:0')
DGLGraph(num_nodes=18286, num_edges=32476,
         ndata_schemes={'pos': Scheme(shape=(), dtype=torch.int64), 'x': Scheme(shape=(250,), dtype=torch.float32), '_id': Scheme(shape=(), dtype=torch.int64)}
         edata_schemes={})
tensor([[ 0.0668, -0.1229, -0.0762,  ...,  0.0058,  0.0820, -0.0715],
        [ 0.0668, -0.1229, -0.0762,  ...,  0.0058,  0.0820, -0.0715],
        [ 0.0668, -0.1229, -0.0762,  ...,  0.0058,  0.0820, -0.0715],
        ...,
        [ 0.0244, -0.1048,  0.0217,  ...,  0.0377,  0.1875, -0.0640],
        [ 0.0244, -0.1048,  0.0217,  ...,  0.0377,  0.1875, -0.0640],
        [ 0.0244, -0.1048,  0.0217,  ...,  0.0377,  0.1875, -0.0640]],
       device='cuda:0')
DGLGraph(num_nodes=18033, num_edges=31970,
         ndata_schemes={'pos': Scheme(shape=(), dtype=torch.int64), 'x': Scheme(shape=(250,), dtype=torch.float32), '_id': Scheme(shape=(), dtype=torch.int64)}
         edata_schemes={})
tensor([[-0.0041, -0.1439, -0.0423,  ..., -0.0002,  0.1000, -0.0469],
        [-0.0041, -0.1439, -0.0423,  ..., -0.0002,  0.1000, -0.0469],
        [-0.0041, -0.1439, -0.0423,  ..., -0.0002,  0.1000, -0.0469],
        ...,
        [ 0.0162, -0.1178, -0.0126,  ...,  0.0299,  0.1567, -0.0564],
        [ 0.0162, -0.1178, -0.0126,  ...,  0.0299,  0.1567, -0.0564],
        [ 0.0162, -0.1178, -0.0126,  ...,  0.0299,  0.1567, -0.0564]],
       device='cuda:0')
DGLGraph(num_nodes=17764, num_edges=31432,
         ndata_schemes={'pos': Scheme(shape=(), dtype=torch.int64), 'x': Scheme(shape=(250,), dtype=torch.float32), '_id': Scheme(shape=(), dtype=torch.int64)}
         edata_schemes={})
tensor([[-0.0186, -0.0809, -0.0779,  ...,  0.0741,  0.0775,  0.0454],
        [-0.0186, -0.0809, -0.0779,  ...,  0.0741,  0.0775,  0.0454],
        [-0.0186, -0.0809, -0.0779,  ...,  0.0741,  0.0775,  0.0454],
        ...,
        [-0.0250,  0.0024,  0.0116,  ...,  0.0224,  0.1134, -0.0880],
        [-0.0250,  0.0024,  0.0116,  ...,  0.0224,  0.1134, -0.0880],
        [-0.0250,  0.0024,  0.0116,  ...,  0.0224,  0.1134, -0.0880]],
       device='cuda:0')
DGLGraph(num_nodes=18324, num_edges=32552,
         ndata_schemes={'pos': Scheme(shape=(), dtype=torch.int64), 'x': Scheme(shape=(250,), dtype=torch.float32), '_id': Scheme(shape=(), dtype=torch.int64)}
         edata_schemes={})
tensor([[-0.0199, -0.1185, -0.0929,  ...,  0.0439,  0.0818, -0.0242],
        [-0.0199, -0.1185, -0.0929,  ...,  0.0439,  0.0818, -0.0242],
        [-0.0199, -0.1185, -0.0929,  ...,  0.0439,  0.0818, -0.0242],
        ...,
        [-0.0288, -0.0176, -0.0078,  ...,  0.0449,  0.0441,  0.0135],
        [-0.0288, -0.0176, -0.0078,  ...,  0.0449,  0.0441,  0.0135],
        [-0.0288, -0.0176, -0.0078,  ...,  0.0449,  0.0441,  0.0135]],
       device='cuda:0')
DGLGraph(num_nodes=18561, num_edges=33026,
         ndata_schemes={'pos': Scheme(shape=(), dtype=torch.int64), 'x': Scheme(shape=(250,), dtype=torch.float32), '_id': Scheme(shape=(), dtype=torch.int64)}
         edata_schemes={})
tensor([[ 0.0304, -0.1084, -0.0480,  ...,  0.0118,  0.1142, -0.0417],
        [ 0.0304, -0.1084, -0.0480,  ...,  0.0118,  0.1142, -0.0417],
        [ 0.0304, -0.1084, -0.0480,  ...,  0.0118,  0.1142, -0.0417],
        ...,
        [ 0.0025, -0.0477, -0.0211,  ...,  0.0265,  0.0752,  0.0353],
        [ 0.0025, -0.0477, -0.0211,  ...,  0.0265,  0.0752,  0.0353],
        [ 0.0025, -0.0477, -0.0211,  ...,  0.0265,  0.0752,  0.0353]],
       device='cuda:0')
DGLGraph(num_nodes=6543, num_edges=11518,
         ndata_schemes={'pos': Scheme(shape=(), dtype=torch.int64), 'x': Scheme(shape=(250,), dtype=torch.float32), '_id': Scheme(shape=(), dtype=torch.int64)}
         edata_schemes={})
tensor([[ 0.0458, -0.0648, -0.0770,  ...,  0.0088, -0.0032,  0.0039],
        [ 0.0458, -0.0648, -0.0770,  ...,  0.0088, -0.0032,  0.0039],
        [ 0.0458, -0.0648, -0.0770,  ...,  0.0088, -0.0032,  0.0039],
        ...,
        [-0.0350, -0.1260, -0.0594,  ...,  0.0237,  0.1117,  0.0018],
        [-0.0350, -0.1260, -0.0594,  ...,  0.0237,  0.1117,  0.0018],
        [-0.0350, -0.1260, -0.0594,  ...,  0.0237,  0.1117,  0.0018]],
       device='cuda:0')
